Archive member included to satisfy reference by file (symbol)

c:/program files (x86)/atmel/studio/7.0/toolchain/avr8/avr8-gnu-toolchain/bin/../lib/gcc/avr/4.9.2/avrxmega6\libgcc.a(_udivmodhi4.o)
                              src/ASF/xmega/drivers/usb/usb_device.o (__udivmodhi4)
c:/program files (x86)/atmel/studio/7.0/toolchain/avr8/avr8-gnu-toolchain/bin/../lib/gcc/avr/4.9.2/avrxmega6\libgcc.a(_udivmodsi4.o)
                              src/ASF/xmega/drivers/spi/spi.o (__udivmodsi4)
c:/program files (x86)/atmel/studio/7.0/toolchain/avr8/avr8-gnu-toolchain/bin/../lib/gcc/avr/4.9.2/avrxmega6\libgcc.a(_exit.o)
                              C:/Program Files (x86)/Atmel/Studio/7.0/Packs/atmel/XMEGAA_DFP/1.1.63/gcc/dev/atxmega256a3bu/avrxmega6/crtatxmega256a3bu.o (exit)
c:/program files (x86)/atmel/studio/7.0/toolchain/avr8/avr8-gnu-toolchain/bin/../lib/gcc/avr/4.9.2/avrxmega6\libgcc.a(_tablejump2.o)
                              src/ASF/xmega/drivers/usb/usb_device.o (__tablejump2__)
c:/program files (x86)/atmel/studio/7.0/toolchain/avr8/avr8-gnu-toolchain/bin/../lib/gcc/avr/4.9.2/avrxmega6\libgcc.a(_copy_data.o)
                              src/ASF/common/services/gfx_mono/sysfont.o (__do_copy_data)
c:/program files (x86)/atmel/studio/7.0/toolchain/avr8/avr8-gnu-toolchain/bin/../lib/gcc/avr/4.9.2/avrxmega6\libgcc.a(_clear_bss.o)
                              src/ASF/common/services/gfx_mono/gfx_mono_c12832_a1z.o (__do_clear_bss)
c:/program files (x86)/atmel/studio/7.0/toolchain/avr8/avr8-gnu-toolchain/bin/../lib/gcc/avr/4.9.2/../../../../avr/lib/avrxmega6\libc.a(memcpy.o)
                              src/ASF/common/services/usb/class/cdc/device/udi_cdc.o (memcpy)

Allocating common symbols
Common symbol       size              file

ptr_get             0x2               src/ASF/common/utils/stdio/read.o
ptr_put             0x2               src/ASF/common/utils/stdio/write.o
udd_g_ctrlreq       0x10              src/ASF/xmega/drivers/usb/usb_device.o
stdio_base          0x2               src/ASF/common/utils/stdio/write.o
sleepmgr_locks      0x6               src/ASF/common/services/sleepmgr/xmega/sleepmgr.o

Discarded input sections

 .data          0x00000000        0x0 C:/Program Files (x86)/Atmel/Studio/7.0/Packs/atmel/XMEGAA_DFP/1.1.63/gcc/dev/atxmega256a3bu/avrxmega6/crtatxmega256a3bu.o
 .bss           0x00000000        0x0 C:/Program Files (x86)/Atmel/Studio/7.0/Packs/atmel/XMEGAA_DFP/1.1.63/gcc/dev/atxmega256a3bu/avrxmega6/crtatxmega256a3bu.o
 .group         0x00000000        0x8 src/ASF/common/components/display/st7565r/st7565r.o
 .group         0x00000000        0x8 src/ASF/common/components/display/st7565r/st7565r.o
 .group         0x00000000        0x8 src/ASF/common/components/display/st7565r/st7565r.o
 .group         0x00000000        0x8 src/ASF/common/components/display/st7565r/st7565r.o
 .group         0x00000000        0x8 src/ASF/common/components/display/st7565r/st7565r.o
 .group         0x00000000        0x8 src/ASF/common/components/display/st7565r/st7565r.o
 .group         0x00000000        0x8 src/ASF/common/components/display/st7565r/st7565r.o
 .group         0x00000000        0x8 src/ASF/common/components/display/st7565r/st7565r.o
 .group         0x00000000        0x8 src/ASF/common/components/display/st7565r/st7565r.o
 .group         0x00000000        0x8 src/ASF/common/components/display/st7565r/st7565r.o
 .group         0x00000000        0x8 src/ASF/common/components/display/st7565r/st7565r.o
 .group         0x00000000        0x8 src/ASF/common/components/display/st7565r/st7565r.o
 .group         0x00000000        0x8 src/ASF/common/components/display/st7565r/st7565r.o
 .group         0x00000000        0x8 src/ASF/common/components/display/st7565r/st7565r.o
 .group         0x00000000        0x8 src/ASF/common/components/display/st7565r/st7565r.o
 .group         0x00000000        0x8 src/ASF/common/components/display/st7565r/st7565r.o
 .group         0x00000000        0x8 src/ASF/common/components/display/st7565r/st7565r.o
 .group         0x00000000        0x8 src/ASF/common/components/display/st7565r/st7565r.o
 .group         0x00000000        0x8 src/ASF/common/components/display/st7565r/st7565r.o
 .group         0x00000000        0x8 src/ASF/common/components/display/st7565r/st7565r.o
 .group         0x00000000        0x8 src/ASF/common/components/display/st7565r/st7565r.o
 .group         0x00000000        0x8 src/ASF/common/components/display/st7565r/st7565r.o
 .group         0x00000000        0x8 src/ASF/common/components/display/st7565r/st7565r.o
 .group         0x00000000        0x8 src/ASF/common/components/display/st7565r/st7565r.o
 .group         0x00000000        0x8 src/ASF/common/components/display/st7565r/st7565r.o
 .group         0x00000000        0x8 src/ASF/common/components/display/st7565r/st7565r.o
 .group         0x00000000        0x8 src/ASF/common/components/display/st7565r/st7565r.o
[...]
Memory Configuration

Name             Origin             Length             Attributes
text             0x00000000         0x00100000         xr
data             0x00802000         0x0000ffa0         rw !x
eeprom           0x00810000         0x00010000         rw !x
fuse             0x00820000         0x00000006         rw !x
lock             0x00830000         0x00000400         rw !x
signature        0x00840000         0x00000400         rw !x
user_signatures  0x00850000         0x00000400         rw !x
*default*        0x00000000         0xffffffff

Linker script and memory map

LOAD C:/Program Files (x86)/Atmel/Studio/7.0/Packs/atmel/XMEGAA_DFP/1.1.63/gcc/dev/atxmega256a3bu/avrxmega6/crtatxmega256a3bu.o
LOAD src/ASF/common/components/display/st7565r/st7565r.o
LOAD src/ASF/common/services/gfx_mono/gfx_mono_c12832_a1z.o
LOAD src/ASF/common/services/gfx_mono/gfx_mono_framebuffer.o
LOAD src/ASF/common/services/gfx_mono/gfx_mono_generic.o
LOAD src/ASF/common/services/gfx_mono/gfx_mono_text.o
LOAD src/ASF/common/services/gfx_mono/sysfont.o
LOAD src/ASF/common/services/spi/xmega_spi/spi_master.o
LOAD src/ASF/common/services/spi/xmega_usart_spi/usart_spi.o
LOAD src/ASF/common/utils/stdio/read.o
LOAD src/ASF/common/utils/stdio/write.o
LOAD src/ASF/common/services/serial/usart_serial.o
LOAD src/ASF/common/services/usb/class/cdc/device/example/atxmega256a3bu_xmega_a3bu_xplained/ui.o
LOAD src/ASF/common/services/clock/xmega/sysclk.o
LOAD src/ASF/common/services/ioport/xmega/ioport_compat.o
LOAD src/ASF/common/services/sleepmgr/xmega/sleepmgr.o
LOAD src/ASF/common/services/usb/class/cdc/device/udi_cdc.o
LOAD src/ASF/common/services/usb/class/cdc/device/udi_cdc_desc.o
LOAD src/ASF/common/services/usb/udc/udc.o
LOAD src/ASF/xmega/boards/xmega_a3bu_xplained/init.o
LOAD src/ASF/xmega/drivers/cpu/ccp.o
LOAD src/ASF/xmega/drivers/nvm/nvm.o
LOAD src/ASF/xmega/drivers/nvm/nvm_asm.o
LOAD src/ASF/xmega/drivers/spi/spi.o
LOAD src/ASF/xmega/drivers/usart/usart.o
LOAD src/ASF/xmega/drivers/usb/usb_device.o
LOAD src/main.o
LOAD src/uart_xmega.o
START GROUP
LOAD c:/program files (x86)/atmel/studio/7.0/toolchain/avr8/avr8-gnu-toolchain/bin/../lib/gcc/avr/4.9.2/../../../../avr/lib/avrxmega6\libm.a
END GROUP
Address of section .BOOT set to 0x40000
START GROUP
LOAD c:/program files (x86)/atmel/studio/7.0/toolchain/avr8/avr8-gnu-toolchain/bin/../lib/gcc/avr/4.9.2/avrxmega6\libgcc.a
LOAD c:/program files (x86)/atmel/studio/7.0/toolchain/avr8/avr8-gnu-toolchain/bin/../lib/gcc/avr/4.9.2/../../../../avr/lib/avrxmega6\libm.a
LOAD c:/program files (x86)/atmel/studio/7.0/toolchain/avr8/avr8-gnu-toolchain/bin/../lib/gcc/avr/4.9.2/../../../../avr/lib/avrxmega6\libc.a
LOAD C:/Program Files (x86)/Atmel/Studio/7.0/Packs/atmel/XMEGAA_DFP/1.1.63/gcc/dev/atxmega256a3bu/avrxmega6\libatxmega256a3bu.a
END GROUP
                0x00100000                __TEXT_REGION_LENGTH__ = DEFINED (__TEXT_REGION_LENGTH__)?__TEXT_REGION_LENGTH__:0x100000
                0x0000ffa0                __DATA_REGION_LENGTH__ = DEFINED (__DATA_REGION_LENGTH__)?__DATA_REGION_LENGTH__:0xffa0
                0x00010000                __EEPROM_REGION_LENGTH__ = DEFINED (__EEPROM_REGION_LENGTH__)?__EEPROM_REGION_LENGTH__:0x10000
                [0x00000006]                __FUSE_REGION_LENGTH__ = DEFINED (__FUSE_REGION_LENGTH__)?__FUSE_REGION_LENGTH__:0x400
                0x00000400                __LOCK_REGION_LENGTH__ = DEFINED (__LOCK_REGION_LENGTH__)?__LOCK_REGION_LENGTH__:0x400
                0x00000400                __SIGNATURE_REGION_LENGTH__ = DEFINED (__SIGNATURE_REGION_LENGTH__)?__SIGNATURE_REGION_LENGTH__:0x400
                0x00000400                __USER_SIGNATURE_REGION_LENGTH__ = DEFINED (__USER_SIGNATURE_REGION_LENGTH__)?__USER_SIGNATURE_REGION_LENGTH__:0x400

.hash
 *(.hash)

.dynsym
 *(.dynsym)

.dynstr
 *(.dynstr)

.gnu.version
 *(.gnu.version)

.gnu.version_d
 *(.gnu.version_d)

.gnu.version_r
 *(.gnu.version_r)

.rel.init
 *(.rel.init)

.rela.init
 *(.rela.init)

.rel.text
 *(.rel.text)
 *(.rel.text.*)
 *(.rel.gnu.linkonce.t*)

.rela.text
 *(.rela.text)
 *(.rela.text.*)
 *(.rela.gnu.linkonce.t*)

.rel.fini
 *(.rel.fini)

.rela.fini
 *(.rela.fini)

.rel.rodata
 *(.rel.rodata)
 *(.rel.rodata.*)
 *(.rel.gnu.linkonce.r*)

.rela.rodata
 *(.rela.rodata)
 *(.rela.rodata.*)
 *(.rela.gnu.linkonce.r*)

.rel.data
 *(.rel.data)
 *(.rel.data.*)
 *(.rel.gnu.linkonce.d*)

.rela.data
 *(.rela.data)
 *(.rela.data.*)
 *(.rela.gnu.linkonce.d*)

.rel.ctors
 *(.rel.ctors)

.rela.ctors
 *(.rela.ctors)

.rel.dtors
 *(.rel.dtors)

.rela.dtors
 *(.rela.dtors)

.rel.got
 *(.rel.got)

.rela.got
 *(.rela.got)

.rel.bss
 *(.rel.bss)

.rela.bss
 *(.rela.bss)

.rel.plt
 *(.rel.plt)

.rela.plt
 *(.rela.plt)

.text           0x00000000     0x2854
 *(.vectors)
 .vectors       0x00000000      0x1fc C:/Program Files (x86)/Atmel/Studio/7.0/Packs/atmel/XMEGAA_DFP/1.1.63/gcc/dev/atxmega256a3bu/avrxmega6/crtatxmega256a3bu.o
                0x00000000                __vector_default
                0x00000000                __vectors
 *(.vectors)
 *(.progmem.gcc*)
 .progmem.gcc_sw_table.udd_ep_get_size
                0x000001fc        0xe src/ASF/xmega/drivers/usb/usb_device.o
                0x0000020a                . = ALIGN (0x2)
                0x0000020a                __trampolines_start = .
 *(.trampolines)
 .trampolines   0x0000020a        0x0 linker stubs
 *(.trampolines*)
                0x0000020a                __trampolines_end = .
 *libprintf_flt.a:*(.progmem.data)
 *libc.a:*(.progmem.data)
 *(.progmem*)
                0x0000020a                . = ALIGN (0x2)
 *(.jumptables)
 *(.jumptables*)
 *(.lowtext)
 *(.lowtext*)
                0x0000020a                __ctors_start = .
 *(.ctors)
                0x0000020a                __ctors_end = .
                0x0000020a                __dtors_start = .
 *(.dtors)
                0x0000020a                __dtors_end = .
 SORT(*)(.ctors)
 SORT(*)(.dtors)
 *(.init0)
 .init0         0x0000020a        0x0 C:/Program Files (x86)/Atmel/Studio/7.0/Packs/atmel/XMEGAA_DFP/1.1.63/gcc/dev/atxmega256a3bu/avrxmega6/crtatxmega256a3bu.o
                0x0000020a                __init
 *(.init0)
 *(.init1)
 *(.init1)
 *(.init2)
 .init2         0x0000020a       0x10 C:/Program Files (x86)/Atmel/Studio/7.0/Packs/atmel/XMEGAA_DFP/1.1.63/gcc/dev/atxmega256a3bu/avrxmega6/crtatxmega256a3bu.o
 *(.init2)
 *(.init3)
 *(.init3)
 *(.init4)
 .init4         0x0000021a       0x1a c:/program files (x86)/atmel/studio/7.0/toolchain/avr8/avr8-gnu-toolchain/bin/../lib/gcc/avr/4.9.2/avrxmega6\libgcc.a(_copy_data.o)
                0x0000021a                __do_copy_data
 .init4         0x00000234       0x10 c:/program files (x86)/atmel/studio/7.0/toolchain/avr8/avr8-gnu-toolchain/bin/../lib/gcc/avr/4.9.2/avrxmega6\libgcc.a(_clear_bss.o)
                0x00000234                __do_clear_bss
 *(.init4)
 *(.init5)
 *(.init5)
 *(.init6)
 *(.init6)
 *(.init7)
 *(.init7)
 *(.init8)
 *(.init8)
 *(.init9)
 .init9         0x00000244        0x8 C:/Program Files (x86)/Atmel/Studio/7.0/Packs/atmel/XMEGAA_DFP/1.1.63/gcc/dev/atxmega256a3bu/avrxmega6/crtatxmega256a3bu.o
 *(.init9)
 *(.text)
 .text          0x0000024c        0x2 C:/Program Files (x86)/Atmel/Studio/7.0/Packs/atmel/XMEGAA_DFP/1.1.63/gcc/dev/atxmega256a3bu/avrxmega6/crtatxmega256a3bu.o
                0x0000024c                __vector_38
                0x0000024c                __vector_104
                0x0000024c                __vector_22
                0x0000024c                __vector_63
                0x0000024c                __vector_28
                0x0000024c                __vector_67
                0x0000024c                __vector_1
                0x0000024c                __vector_119
                0x0000024c                __vector_32
                0x0000024c                __vector_75
                0x0000024c                __vector_71
                0x0000024c                __vector_91
                0x0000024c                __vector_34
                0x0000024c                __vector_62
                0x0000024c                __vector_77
                0x0000024c                __vector_102
                0x0000024c                __vector_24
                0x0000024c                __vector_12
                0x0000024c                __vector_55
                0x0000024c                __vector_69
                0x0000024c                __vector_81
                0x0000024c                __vector_90
                0x0000024c                __vector_46
                0x0000024c                __bad_interrupt
                0x0000024c                __vector_122
                0x0000024c                __vector_72
                0x0000024c                __vector_114
                0x0000024c                __vector_6
                0x0000024c                __vector_110
                0x0000024c                __vector_31
                0x0000024c                __vector_92
                0x0000024c                __vector_35
                0x0000024c                __vector_78
                0x0000024c                __vector_74
                0x0000024c                __vector_117
                0x0000024c                __vector_39
                0x0000024c                __vector_107
                0x0000024c                __vector_3
                0x0000024c                __vector_105
                0x0000024c                __vector_98
                0x0000024c                __vector_23
                0x0000024c                __vector_68
                0x0000024c                __vector_30
                0x0000024c                __vector_73
                0x0000024c                __vector_45
                0x0000024c                __vector_93
                0x0000024c                __vector_61
                0x0000024c                __vector_11
                0x0000024c                __vector_54
                0x0000024c                __vector_99
                0x0000024c                __vector_13
                0x0000024c                __vector_17
                0x0000024c                __vector_19
                0x0000024c                __vector_56
                0x0000024c                __vector_7
                0x0000024c                __vector_49
                0x0000024c                __vector_123
                0x0000024c                __vector_41
                0x0000024c                __vector_86
                0x0000024c                __vector_100
                0x0000024c                __vector_101
                0x0000024c                __vector_64
                0x0000024c                __vector_88
                0x0000024c                __vector_109
                0x0000024c                __vector_43
                0x0000024c                __vector_27
                0x0000024c                __vector_5
                0x0000024c                __vector_113
                0x0000024c                __vector_33
                0x0000024c                __vector_76
                0x0000024c                __vector_115
                0x0000024c                __vector_47
                0x0000024c                __vector_52
                0x0000024c                __vector_37
                0x0000024c                __vector_95
                0x0000024c                __vector_103
                0x0000024c                __vector_96
                0x0000024c                __vector_89
                0x0000024c                __vector_108
                0x0000024c                __vector_4
                0x0000024c                __vector_44
                0x0000024c                __vector_82
                0x0000024c                __vector_106
                0x0000024c                __vector_118
                0x0000024c                __vector_51
                0x0000024c                __vector_9
                0x0000024c                __vector_2
                0x0000024c                __vector_21
                0x0000024c                __vector_15
                0x0000024c                __vector_66
                0x0000024c                __vector_36
                0x0000024c                __vector_79
                0x0000024c                __vector_58
                0x0000024c                __vector_70
                0x0000024c                __vector_83
                0x0000024c                __vector_29
                0x0000024c                __vector_60
                0x0000024c                __vector_121
                0x0000024c                __vector_40
                0x0000024c                __vector_85
                0x0000024c                __vector_94
                0x0000024c                __vector_8
                0x0000024c                __vector_48
                0x0000024c                __vector_124
                0x0000024c                __vector_116
                0x0000024c                __vector_112
                0x0000024c                __vector_111
                0x0000024c                __vector_80
                0x0000024c                __vector_14
                0x0000024c                __vector_84
                0x0000024c                __vector_57
                0x0000024c                __vector_53
                0x0000024c                __vector_10
                0x0000024c                __vector_50
                0x0000024c                __vector_16
                0x0000024c                __vector_59
                0x0000024c                __vector_18
                0x0000024c                __vector_97
                0x0000024c                __vector_20
                0x0000024c                __vector_42
                0x0000024c                __vector_87
                0x0000024c                __vector_65
                0x0000024c                __vector_120
                0x0000024e                . = ALIGN (0x2)
 *(.text.*)
 .text.ui_com_open
                0x0000024e        0x8 src/ASF/common/services/usb/class/cdc/device/example/atxmega256a3bu_xmega_a3bu_xplained/ui.o
                0x0000024e                ui_com_open
 .text.ui_com_close
                0x00000256        0x8 src/ASF/common/services/usb/class/cdc/device/example/atxmega256a3bu_xmega_a3bu_xplained/ui.o
                0x00000256                ui_com_close
 .text.ui_com_rx_start
                0x0000025e        0x8 src/ASF/common/services/usb/class/cdc/device/example/atxmega256a3bu_xmega_a3bu_xplained/ui.o
                0x0000025e                ui_com_rx_start
 .text.ui_com_rx_stop
                0x00000266        0x8 src/ASF/common/services/usb/class/cdc/device/example/atxmega256a3bu_xmega_a3bu_xplained/ui.o
                0x00000266                ui_com_rx_stop
 .text.ui_com_tx_start
                0x0000026e        0x8 src/ASF/common/services/usb/class/cdc/device/example/atxmega256a3bu_xmega_a3bu_xplained/ui.o
                0x0000026e                ui_com_tx_start
 .text.ui_com_tx_stop
                0x00000276        0x8 src/ASF/common/services/usb/class/cdc/device/example/atxmega256a3bu_xmega_a3bu_xplained/ui.o
                0x00000276                ui_com_tx_stop
 .text.ui_com_error
                0x0000027e        0x2 src/ASF/common/services/usb/class/cdc/device/example/atxmega256a3bu_xmega_a3bu_xplained/ui.o
                0x0000027e                ui_com_error
 .text.ui_com_overflow
                0x00000280        0x2 src/ASF/common/services/usb/class/cdc/device/example/atxmega256a3bu_xmega_a3bu_xplained/ui.o
                0x00000280                ui_com_overflow
 .text.ui_process
                0x00000282       0x1a src/ASF/common/services/usb/class/cdc/device/example/atxmega256a3bu_xmega_a3bu_xplained/ui.o
                0x00000282                ui_process
 .text.sysclk_init
                0x0000029c       0xf6 src/ASF/common/services/clock/xmega/sysclk.o
                0x0000029c                sysclk_init
 .text.sysclk_enable_module
                0x00000392       0x2c src/ASF/common/services/clock/xmega/sysclk.o
                0x00000392                sysclk_enable_module
 .text.sysclk_disable_module
                0x000003be       0x2a src/ASF/common/services/clock/xmega/sysclk.o
                0x000003be                sysclk_disable_module
 .text.sysclk_enable_usb
                0x000003e8       0x8c src/ASF/common/services/clock/xmega/sysclk.o
                0x000003e8                sysclk_enable_usb
 .text.ioport_configure_port_pin
                0x00000474       0x50 src/ASF/common/services/ioport/xmega/ioport_compat.o
                0x00000474                ioport_configure_port_pin
 .text.udi_cdc_comm_disable
                0x000004c4        0xc src/ASF/common/services/usb/class/cdc/device/udi_cdc.o
                0x000004c4                udi_cdc_comm_disable
 .text.udi_cdc_data_setup
                0x000004d0        0x4 src/ASF/common/services/usb/class/cdc/device/udi_cdc.o
                0x000004d0                udi_cdc_data_setup
 .text.udi_cdc_getsetting
                0x000004d4        0x4 src/ASF/common/services/usb/class/cdc/device/udi_cdc.o
                0x000004d4                udi_cdc_getsetting
 .text.udi_cdc_line_coding_received
                0x000004d8        0xc src/ASF/common/services/usb/class/cdc/device/udi_cdc.o
 .text.udi_cdc_comm_enable
                0x000004e4       0x66 src/ASF/common/services/usb/class/cdc/device/udi_cdc.o
                0x000004e4                udi_cdc_comm_enable
 .text.udi_cdc_tx_send
                0x0000054a      0x162 src/ASF/common/services/usb/class/cdc/device/udi_cdc.o
 .text.udi_cdc_data_sent
                0x000006ac       0x30 src/ASF/common/services/usb/class/cdc/device/udi_cdc.o
 .text.udi_cdc_data_sof_notify
                0x000006dc        0x6 src/ASF/common/services/usb/class/cdc/device/udi_cdc.o
                0x000006dc                udi_cdc_data_sof_notify
 .text.udi_cdc_ctrl_state_notify
                0x000006e2       0x50 src/ASF/common/services/usb/class/cdc/device/udi_cdc.o
 .text.udi_cdc_ctrl_state_change
                0x00000732       0x54 src/ASF/common/services/usb/class/cdc/device/udi_cdc.o
 .text.udi_cdc_serial_state_msg_sent
                0x00000786       0x2c src/ASF/common/services/usb/class/cdc/device/udi_cdc.o
 .text.udi_cdc_data_disable
                0x000007b2       0x18 src/ASF/common/services/usb/class/cdc/device/udi_cdc.o
                0x000007b2                udi_cdc_data_disable
 .text.udi_cdc_comm_setup
                0x000007ca       0xa2 src/ASF/common/services/usb/class/cdc/device/udi_cdc.o
                0x000007ca                udi_cdc_comm_setup
 .text.udi_cdc_signal_framing_error
                0x0000086c        0xc src/ASF/common/services/usb/class/cdc/device/udi_cdc.o
                0x0000086c                udi_cdc_signal_framing_error
 .text.udi_cdc_signal_overrun
                0x00000878        0xc src/ASF/common/services/usb/class/cdc/device/udi_cdc.o
                0x00000878                udi_cdc_signal_overrun
 .text.udi_cdc_multi_get_nb_received_data
                0x00000884       0x3a src/ASF/common/services/usb/class/cdc/device/udi_cdc.o
                0x00000884                udi_cdc_multi_get_nb_received_data
 .text.udi_cdc_multi_is_rx_ready
                0x000008be        0xe src/ASF/common/services/usb/class/cdc/device/udi_cdc.o
                0x000008be                udi_cdc_multi_is_rx_ready
 .text.udi_cdc_rx_start
                0x000008cc       0xa4 src/ASF/common/services/usb/class/cdc/device/udi_cdc.o
 .text.udi_cdc_data_enable
                0x00000970       0x64 src/ASF/common/services/usb/class/cdc/device/udi_cdc.o
                0x00000970                udi_cdc_data_enable
 .text.udi_cdc_data_received
                0x000009d4       0x60 src/ASF/common/services/usb/class/cdc/device/udi_cdc.o
 .text.udi_cdc_is_rx_ready
                0x00000a34        0x6 src/ASF/common/services/usb/class/cdc/device/udi_cdc.o
                0x00000a34                udi_cdc_is_rx_ready
 .text.udi_cdc_multi_getc
                0x00000a3a       0xa8 src/ASF/common/services/usb/class/cdc/device/udi_cdc.o
                0x00000a3a                udi_cdc_multi_getc
 .text.udi_cdc_getc
                0x00000ae2        0x6 src/ASF/common/services/usb/class/cdc/device/udi_cdc.o
                0x00000ae2                udi_cdc_getc
 .text.udi_cdc_multi_read_buf
                0x00000ae8       0xd2 src/ASF/common/services/usb/class/cdc/device/udi_cdc.o
                0x00000ae8                udi_cdc_multi_read_buf
 .text.udi_cdc_read_buf
                0x00000bba        0xa src/ASF/common/services/usb/class/cdc/device/udi_cdc.o
                0x00000bba                udi_cdc_read_buf
 .text.udi_cdc_multi_get_free_tx_buffer
                0x00000bc4       0x60 src/ASF/common/services/usb/class/cdc/device/udi_cdc.o
                0x00000bc4                udi_cdc_multi_get_free_tx_buffer
 .text.udi_cdc_multi_is_tx_ready
                0x00000c24        0xe src/ASF/common/services/usb/class/cdc/device/udi_cdc.o
                0x00000c24                udi_cdc_multi_is_tx_ready
 .text.udi_cdc_is_tx_ready
                0x00000c32        0x6 src/ASF/common/services/usb/class/cdc/device/udi_cdc.o
                0x00000c32                udi_cdc_is_tx_ready
 .text.udi_cdc_multi_putc
                0x00000c38       0x9e src/ASF/common/services/usb/class/cdc/device/udi_cdc.o
                0x00000c38                udi_cdc_multi_putc
 .text.udi_cdc_putc
                0x00000cd6        0x8 src/ASF/common/services/usb/class/cdc/device/udi_cdc.o
                0x00000cd6                udi_cdc_putc
 .text.udi_cdc_multi_write_buf
                0x00000cde       0xe8 src/ASF/common/services/usb/class/cdc/device/udi_cdc.o
                0x00000cde                udi_cdc_multi_write_buf
 .text.udi_cdc_write_buf
                0x00000dc6        0xa src/ASF/common/services/usb/class/cdc/device/udi_cdc.o
                0x00000dc6                udi_cdc_write_buf
 .text.udc_next_desc_in_iface
                0x00000dd0       0x64 src/ASF/common/services/usb/udc/udc.o
 .text.udc_valid_address
                0x00000e34        0xa src/ASF/common/services/usb/udc/udc.o
 .text.udc_update_iface_desc
                0x00000e3e       0x74 src/ASF/common/services/usb/udc/udc.o
 .text.udc_iface_disable
                0x00000eb2       0x84 src/ASF/common/services/usb/udc/udc.o
 .text.udc_iface_enable
                0x00000f36       0x64 src/ASF/common/services/usb/udc/udc.o
 .text.udc_start
                0x00000f9a        0x4 src/ASF/common/services/usb/udc/udc.o
                0x00000f9a                udc_start
 .text.udc_reset
                0x00000f9e       0x4e src/ASF/common/services/usb/udc/udc.o
                0x00000f9e                udc_reset
 .text.udc_sof_notify
                0x00000fec       0x60 src/ASF/common/services/usb/udc/udc.o
                0x00000fec                udc_sof_notify
 .text.udc_process_setup
                0x0000104c      0x4f4 src/ASF/common/services/usb/udc/udc.o
                0x0000104c                udc_process_setup
 .text.board_init
                0x00001540       0x64 src/ASF/xmega/boards/xmega_a3bu_xplained/init.o
                0x00001540                board_init
 .text.ccp_write_io
                0x000015a4        0xc src/ASF/xmega/drivers/cpu/ccp.o
                0x000015a4                ccp_write_io
 .text.nvm_read_byte
                0x000015b0       0x14 src/ASF/xmega/drivers/nvm/nvm_asm.o
                0x000015b0                nvm_read_byte
 .text.udd_sleep_mode
                0x000015c4       0x70 src/ASF/xmega/drivers/usb/usb_device.o
 .text.udd_ctrl_init
                0x00001634       0x4a src/ASF/xmega/drivers/usb/usb_device.o
 .text.udd_ctrl_stall_data
                0x0000167e       0x1c src/ASF/xmega/drivers/usb/usb_device.o
 .text.udd_ctrl_send_zlp_in
                0x0000169a       0x1c src/ASF/xmega/drivers/usb/usb_device.o
 .text.udd_ctrl_endofrequest
                0x000016b6       0x10 src/ASF/xmega/drivers/usb/usb_device.o
 .text.udd_ctrl_in_sent
                0x000016c6       0xd8 src/ASF/xmega/drivers/usb/usb_device.o
 .text.udd_ep_get_size
                0x0000179e       0x52 src/ASF/xmega/drivers/usb/usb_device.o
 .text.udd_ep_get_job
                0x000017f0       0x36 src/ASF/xmega/drivers/usb/usb_device.o
 .text.udd_ctrl_interrupt_tc_setup
                0x00001826       0xe2 src/ASF/xmega/drivers/usb/usb_device.o
 .text.udd_ep_trans_complet
                0x00001908      0x2fa src/ASF/xmega/drivers/usb/usb_device.o
 .text.udd_attach
                0x00001c02       0x5a src/ASF/xmega/drivers/usb/usb_device.o
                0x00001c02                udd_attach
 .text.udd_enable
                0x00001c5c      0x106 src/ASF/xmega/drivers/usb/usb_device.o
                0x00001c5c                udd_enable
 .text.udd_is_high_speed
                0x00001d62        0x4 src/ASF/xmega/drivers/usb/usb_device.o
                0x00001d62                udd_is_high_speed
 .text.udd_set_address
                0x00001d66        0x6 src/ASF/xmega/drivers/usb/usb_device.o
                0x00001d66                udd_set_address
 .text.udd_getaddress
                0x00001d6c        0x6 src/ASF/xmega/drivers/usb/usb_device.o
                0x00001d6c                udd_getaddress
 .text.udd_get_frame_number
                0x00001d72        0xa src/ASF/xmega/drivers/usb/usb_device.o
                0x00001d72                udd_get_frame_number
 .text.udd_get_micro_frame_number
                0x00001d7c        0x6 src/ASF/xmega/drivers/usb/usb_device.o
                0x00001d7c                udd_get_micro_frame_number
 .text.udd_set_setup_payload
                0x00001d82        0xe src/ASF/xmega/drivers/usb/usb_device.o
                0x00001d82                udd_set_setup_payload
 .text.udd_ep_alloc
                0x00001d90      0x110 src/ASF/xmega/drivers/usb/usb_device.o
                0x00001d90                udd_ep_alloc
 .text.udd_ep_is_halted
                0x00001ea0       0x36 src/ASF/xmega/drivers/usb/usb_device.o
                0x00001ea0                udd_ep_is_halted
 .text.udd_ep_clear_halt
                0x00001ed6       0x6e src/ASF/xmega/drivers/usb/usb_device.o
                0x00001ed6                udd_ep_clear_halt
 .text.udd_ep_run
                0x00001f44      0x18e src/ASF/xmega/drivers/usb/usb_device.o
                0x00001f44                udd_ep_run
 .text.udd_ep_abort
                0x000020d2       0x92 src/ASF/xmega/drivers/usb/usb_device.o
                0x000020d2                udd_ep_abort
 .text.udd_ep_free
                0x00002164       0x38 src/ASF/xmega/drivers/usb/usb_device.o
                0x00002164                udd_ep_free
 .text.udd_ep_set_halt
                0x0000219c       0x3a src/ASF/xmega/drivers/usb/usb_device.o
                0x0000219c                udd_ep_set_halt
 .text.__vector_125
                0x000021d6      0x176 src/ASF/xmega/drivers/usb/usb_device.o
                0x000021d6                __vector_125
 .text.__vector_126
                0x0000234c      0x1f0 src/ASF/xmega/drivers/usb/usb_device.o
                0x0000234c                __vector_126
 .text.main     0x0000253c       0x42 src/main.o
                0x0000253c                main
 .text.main_suspend_action
                0x0000257e        0x2 src/main.o
                0x0000257e                main_suspend_action
 .text.main_resume_action
                0x00002580        0x2 src/main.o
                0x00002580                main_resume_action
 .text.main_sof_action
                0x00002582       0x10 src/main.o
                0x00002582                main_sof_action
 .text.main_cdc_enable
                0x00002592        0xc src/main.o
                0x00002592                main_cdc_enable
 .text.main_cdc_disable
                0x0000259e        0x8 src/main.o
                0x0000259e                main_cdc_disable
 .text.main_cdc_set_dtr
                0x000025a6       0x10 src/main.o
                0x000025a6                main_cdc_set_dtr
 .text.uart_config
                0x000025b6       0xd6 src/uart_xmega.o
                0x000025b6                uart_config
 .text.uart_open
                0x0000268c       0x22 src/uart_xmega.o
                0x0000268c                uart_open
 .text.uart_close
                0x000026ae       0x12 src/uart_xmega.o
                0x000026ae                uart_close
 .text.uart_rx_notify
                0x000026c0       0x10 src/uart_xmega.o
                0x000026c0                uart_rx_notify
 .text.__vector_25
                0x000026d0       0x86 src/uart_xmega.o
                0x000026d0                __vector_25
 .text.__vector_26
                0x00002756       0x6c src/uart_xmega.o
                0x00002756                __vector_26
 .text.libgcc.div
                0x000027c2       0x28 c:/program files (x86)/atmel/studio/7.0/toolchain/avr8/avr8-gnu-toolchain/bin/../lib/gcc/avr/4.9.2/avrxmega6\libgcc.a(_udivmodhi4.o)
                0x000027c2                __udivmodhi4
 .text.libgcc.div
                0x000027ea       0x44 c:/program files (x86)/atmel/studio/7.0/toolchain/avr8/avr8-gnu-toolchain/bin/../lib/gcc/avr/4.9.2/avrxmega6\libgcc.a(_udivmodsi4.o)
                0x000027ea                __udivmodsi4
 .text.libgcc   0x0000282e       0x10 c:/program files (x86)/atmel/studio/7.0/toolchain/avr8/avr8-gnu-toolchain/bin/../lib/gcc/avr/4.9.2/avrxmega6\libgcc.a(_tablejump2.o)
                0x0000282e                __tablejump2__
 .text.avr-libc
                0x0000283e       0x12 c:/program files (x86)/atmel/studio/7.0/toolchain/avr8/avr8-gnu-toolchain/bin/../lib/gcc/avr/4.9.2/../../../../avr/lib/avrxmega6\libc.a(memcpy.o)
                0x0000283e                memcpy
                0x00002850                . = ALIGN (0x2)
 *(.fini9)
 .fini9         0x00002850        0x0 c:/program files (x86)/atmel/studio/7.0/toolchain/avr8/avr8-gnu-toolchain/bin/../lib/gcc/avr/4.9.2/avrxmega6\libgcc.a(_exit.o)
                0x00002850                _exit
                0x00002850                exit
 *(.fini9)
 *(.fini8)
 *(.fini8)
 *(.fini7)
 *(.fini7)
 *(.fini6)
 *(.fini6)
 *(.fini5)
 *(.fini5)
 *(.fini4)
 *(.fini4)
 *(.fini3)
 *(.fini3)
 *(.fini2)
 *(.fini2)
 *(.fini1)
 *(.fini1)
 *(.fini0)
 .fini0         0x00002850        0x4 c:/program files (x86)/atmel/studio/7.0/toolchain/avr8/avr8-gnu-toolchain/bin/../lib/gcc/avr/4.9.2/avrxmega6\libgcc.a(_exit.o)
 *(.fini0)
                0x00002854                _etext = .

.data           0x00802000       0xba load address 0x00002854
                0x00802000                PROVIDE (__data_start, .)
 *(.data)
 *(.data*)
 .data.udi_api_cdc_data
                0x00802000        0xa src/ASF/common/services/usb/class/cdc/device/udi_cdc.o
                0x00802000                udi_api_cdc_data
 .data.udi_api_cdc_comm
                0x0080200a        0xa src/ASF/common/services/usb/class/cdc/device/udi_cdc.o
                0x0080200a                udi_api_cdc_comm
 .data.udc_config
                0x00802014        0x6 src/ASF/common/services/usb/class/cdc/device/udi_cdc_desc.o
                0x00802014                udc_config
 .data.udc_config_fs
                0x0080201a        0x4 src/ASF/common/services/usb/class/cdc/device/udi_cdc_desc.o
                0x0080201a                udc_config_fs
 .data.udi_apis
                0x0080201e        0x4 src/ASF/common/services/usb/class/cdc/device/udi_cdc_desc.o
                0x0080201e                udi_apis
 .data.udc_desc_fs
                0x00802022       0x44 src/ASF/common/services/usb/class/cdc/device/udi_cdc_desc.o
                0x00802022                udc_desc_fs
 .data.udc_device_desc
                0x00802066       0x12 src/ASF/common/services/usb/class/cdc/device/udi_cdc_desc.o
                0x00802066                udc_device_desc
 .data.udc_string_desc
                0x00802078       0x20 src/ASF/common/services/usb/udc/udc.o
 .data.udc_string_product_name
                0x00802098       0x10 src/ASF/common/services/usb/udc/udc.o
 .data.udc_string_manufacturer_name
                0x008020a8        0xa src/ASF/common/services/usb/udc/udc.o
 .data.udc_string_desc_languageid
                0x008020b2        0x4 src/ASF/common/services/usb/udc/udc.o
 .data.temp     0x008020b6        0x2 src/main.o
                0x008020b6                temp
 *(.rodata)
 *(.rodata*)
 .rodata.str1.1
                0x008020b8        0x1 src/main.o
 *(.gnu.linkonce.d*)
                0x008020ba                . = ALIGN (0x2)
 *fill*         0x008020b9        0x1 
                0x008020ba                _edata = .
                0x008020ba                PROVIDE (__data_end, .)

.bss            0x008020ba      0x2e2
                0x008020ba                PROVIDE (__bss_start, .)
 *(.bss)
 *(.bss*)
 .bss.sof_zlp_counter.4985
                0x008020ba        0x2 src/ASF/common/services/usb/class/cdc/device/udi_cdc.o
 .bss.udi_cdc_tx_both_buf_to_send
                0x008020bc        0x1 src/ASF/common/services/usb/class/cdc/device/udi_cdc.o
 .bss.udi_cdc_tx_trans_ongoing
                0x008020bd        0x1 src/ASF/common/services/usb/class/cdc/device/udi_cdc.o
 .bss.udi_cdc_tx_sof_num
                0x008020be        0x2 src/ASF/common/services/usb/class/cdc/device/udi_cdc.o
 .bss.udi_cdc_tx_buf_sel
                0x008020c0        0x1 src/ASF/common/services/usb/class/cdc/device/udi_cdc.o
 .bss.udi_cdc_tx_buf_nb
                0x008020c1        0x4 src/ASF/common/services/usb/class/cdc/device/udi_cdc.o
 *fill*         0x008020c5        0x1 
 .bss.udi_cdc_tx_buf
                0x008020c6       0x80 src/ASF/common/services/usb/class/cdc/device/udi_cdc.o
 .bss.udi_cdc_rx_trans_ongoing
                0x00802146        0x1 src/ASF/common/services/usb/class/cdc/device/udi_cdc.o
 .bss.udi_cdc_rx_pos
                0x00802147        0x2 src/ASF/common/services/usb/class/cdc/device/udi_cdc.o
 .bss.udi_cdc_rx_buf_sel
                0x00802149        0x1 src/ASF/common/services/usb/class/cdc/device/udi_cdc.o
 .bss.udi_cdc_rx_buf_nb
                0x0080214a        0x4 src/ASF/common/services/usb/class/cdc/device/udi_cdc.o
 .bss.udi_cdc_rx_buf
                0x0080214e       0x80 src/ASF/common/services/usb/class/cdc/device/udi_cdc.o
 .bss.udi_cdc_data_running
                0x008021ce        0x1 src/ASF/common/services/usb/class/cdc/device/udi_cdc.o
 .bss.udi_cdc_nb_data_enabled
                0x008021cf        0x1 src/ASF/common/services/usb/class/cdc/device/udi_cdc.o
 .bss.udi_cdc_nb_comm_enabled
                0x008021d0        0x1 src/ASF/common/services/usb/class/cdc/device/udi_cdc.o
 *fill*         0x008021d1        0x1 
 .bss.uid_cdc_state_msg
                0x008021d2        0xa src/ASF/common/services/usb/class/cdc/device/udi_cdc.o
 .bss.udi_cdc_state
                0x008021dc        0x2 src/ASF/common/services/usb/class/cdc/device/udi_cdc.o
 .bss.udi_cdc_serial_state_msg_ongoing
                0x008021de        0x1 src/ASF/common/services/usb/class/cdc/device/udi_cdc.o
 *fill*         0x008021df        0x1 
 .bss.udi_cdc_line_coding
                0x008021e0        0x8 src/ASF/common/services/usb/class/cdc/device/udi_cdc.o
 .bss.udc_ep_status.4680
                0x008021e8        0x2 src/ASF/common/services/usb/udc/udc.o
 .bss.udc_ptr_iface
                0x008021ea        0x2 src/ASF/common/services/usb/udc/udc.o
 .bss.udc_ptr_conf
                0x008021ec        0x2 src/ASF/common/services/usb/udc/udc.o
 .bss.udc_num_configuration
                0x008021ee        0x2 src/ASF/common/services/usb/udc/udc.o
 .bss.udc_iface_setting
                0x008021f0        0x2 src/ASF/common/services/usb/udc/udc.o
 .bss.udc_device_status
                0x008021f2        0x2 src/ASF/common/services/usb/udc/udc.o
 .bss.b_shortpacket.5394
                0x008021f4        0x1 src/ASF/xmega/drivers/usb/usb_device.o
 .bss.udd_ep_out_cache_buffer
                0x008021f5       0x80 src/ASF/xmega/drivers/usb/usb_device.o
 .bss.udd_ep_job
                0x00802275       0x24 src/ASF/xmega/drivers/usb/usb_device.o
 .bss.udd_ctrl_buffer
                0x00802299       0x40 src/ASF/xmega/drivers/usb/usb_device.o
 .bss.udd_ctrl_payload_nb_trans
                0x008022d9        0x2 src/ASF/xmega/drivers/usb/usb_device.o
 .bss.udd_ctrl_prev_payload_nb_trans
                0x008022db        0x2 src/ASF/xmega/drivers/usb/usb_device.o
 .bss.udd_ep_control_state
                0x008022dd        0x1 src/ASF/xmega/drivers/usb/usb_device.o
 *fill*         0x008022de        0x2 
 .bss.udd_sram  0x008022e0       0x40 src/ASF/xmega/drivers/usb/usb_device.o
 .bss.udd_b_idle
                0x00802320        0x1 src/ASF/xmega/drivers/usb/usb_device.o
 .bss.message   0x00802321       0x64 src/main.o
 .bss.main_b_cdc_enable
                0x00802385        0x1 src/main.o
 *(COMMON)
 COMMON         0x00802386        0x6 src/ASF/common/services/sleepmgr/xmega/sleepmgr.o
                0x00802386                sleepmgr_locks
 COMMON         0x0080238c       0x10 src/ASF/xmega/drivers/usb/usb_device.o
                0x0080238c                udd_g_ctrlreq
                0x0080239c                PROVIDE (__bss_end, .)
                0x00002854                __data_load_start = LOADADDR (.data)
                0x0000290e                __data_load_end = (__data_load_start + SIZEOF (.data))

.noinit         0x0080239c        0x0
                [!provide]                PROVIDE (__noinit_start, .)
 *(.noinit*)
                [!provide]                PROVIDE (__noinit_end, .)
                0x0080239c                _end = .
                [!provide]                PROVIDE (__heap_start, .)

.eeprom         0x00810000        0x0
 *(.eeprom*)
                0x00810000                __eeprom_end = .

.fuse
 *(.fuse)
 *(.lfuse)
 *(.hfuse)
 *(.efuse)

.lock
 *(.lock*)

.signature
 *(.signature*)

.user_signatures
 *(.user_signatures*)

.stab
 *(.stab)

.stabstr
 *(.stabstr)

.stab.excl
 *(.stab.excl)

.stab.exclstr
 *(.stab.exclstr)

.stab.index
 *(.stab.index)

.stab.indexstr
 *(.stab.indexstr)

.comment        0x00000000       0x30
 *(.comment)
 .comment       0x00000000       0x30 src/ASF/common/services/usb/class/cdc/device/example/atxmega256a3bu_xmega_a3bu_xplained/ui.o
                                 0x31 (size before relaxing)
 .comment       0x00000030       0x31 src/ASF/common/services/clock/xmega/sysclk.o
 .comment       0x00000030       0x31 src/ASF/common/services/ioport/xmega/ioport_compat.o
 .comment       0x00000030       0x31 src/ASF/common/services/sleepmgr/xmega/sleepmgr.o
 .comment       0x00000030       0x31 src/ASF/common/services/usb/class/cdc/device/udi_cdc.o
 .comment       0x00000030       0x31 src/ASF/common/services/usb/class/cdc/device/udi_cdc_desc.o
 .comment       0x00000030       0x31 src/ASF/common/services/usb/udc/udc.o
 .comment       0x00000030       0x31 src/ASF/xmega/boards/xmega_a3bu_xplained/init.o
 .comment       0x00000030       0x31 src/ASF/xmega/drivers/usb/usb_device.o
 .comment       0x00000030       0x31 src/main.o
 .comment       0x00000030       0x31 src/uart_xmega.o

.note.gnu.avr.deviceinfo
                0x00000000       0x44
 .note.gnu.avr.deviceinfo
                0x00000000       0x44 C:/Program Files (x86)/Atmel/Studio/7.0/Packs/atmel/XMEGAA_DFP/1.1.63/gcc/dev/atxmega256a3bu/avrxmega6/crtatxmega256a3bu.o

.note.gnu.build-id
 *(.note.gnu.build-id)

.debug
 *(.debug)

.line
 *(.line)

.debug_srcinfo
 *(.debug_srcinfo)

.debug_sfnames
 *(.debug_sfnames)

.debug_aranges  0x00000000      0x508
 *(.debug_aranges)
 .debug_aranges
                0x00000000       0x78 src/ASF/common/services/usb/class/cdc/device/example/atxmega256a3bu_xmega_a3bu_xplained/ui.o
 .debug_aranges
                0x00000078       0x40 src/ASF/common/services/clock/xmega/sysclk.o
 .debug_aranges
                0x000000b8       0x20 src/ASF/common/services/ioport/xmega/ioport_compat.o
 .debug_aranges
                0x000000d8       0x18 src/ASF/common/services/sleepmgr/xmega/sleepmgr.o
 .debug_aranges
                0x000000f0      0x170 src/ASF/common/services/usb/class/cdc/device/udi_cdc.o
 .debug_aranges
                0x00000260       0x18 src/ASF/common/services/usb/class/cdc/device/udi_cdc_desc.o
 .debug_aranges
                0x00000278       0x70 src/ASF/common/services/usb/udc/udc.o
 .debug_aranges
                0x000002e8       0x20 src/ASF/xmega/boards/xmega_a3bu_xplained/init.o
 .debug_aranges
                0x00000308       0x20 src/ASF/xmega/drivers/cpu/ccp.o
 .debug_aranges
                0x00000328       0x28 src/ASF/xmega/drivers/nvm/nvm_asm.o
 .debug_aranges
                0x00000350      0x120 src/ASF/xmega/drivers/usb/usb_device.o
 .debug_aranges
                0x00000470       0x50 src/main.o
 .debug_aranges
                0x000004c0       0x48 src/uart_xmega.o

.debug_pubnames
 *(.debug_pubnames)

.debug_info     0x00000000     0xb3c7
 *(.debug_info .gnu.linkonce.wi.*)
 .debug_info    0x00000000     0x3379 C:/Program Files (x86)/Atmel/Studio/7.0/Packs/atmel/XMEGAA_DFP/1.1.63/gcc/dev/atxmega256a3bu/avrxmega6/crtatxmega256a3bu.o
 .debug_info    0x00003379      0xa9f src/ASF/common/services/usb/class/cdc/device/example/atxmega256a3bu_xmega_a3bu_xplained/ui.o
 .debug_info    0x00003e18      0xc4f src/ASF/common/services/clock/xmega/sysclk.o
 .debug_info    0x00004a67      0x11d src/ASF/common/services/ioport/xmega/ioport_compat.o
 .debug_info    0x00004b84      0x121 src/ASF/common/services/sleepmgr/xmega/sleepmgr.o
 .debug_info    0x00004ca5     0x1a85 src/ASF/common/services/usb/class/cdc/device/udi_cdc.o
 .debug_info    0x0000672a      0x7bd src/ASF/common/services/usb/class/cdc/device/udi_cdc_desc.o
 .debug_info    0x00006ee7     0x1153 src/ASF/common/services/usb/udc/udc.o
 .debug_info    0x0000803a      0x54e src/ASF/xmega/boards/xmega_a3bu_xplained/init.o
 .debug_info    0x00008588       0xa3 src/ASF/xmega/drivers/cpu/ccp.o
 .debug_info    0x0000862b       0xa3 src/ASF/xmega/drivers/nvm/nvm_asm.o
 .debug_info    0x000086ce     0x1e2e src/ASF/xmega/drivers/usb/usb_device.o
 .debug_info    0x0000a4fc      0x5c4 src/main.o
 .debug_info    0x0000aac0      0x907 src/uart_xmega.o

.debug_abbrev   0x00000000     0x4ade
 *(.debug_abbrev)
 .debug_abbrev  0x00000000     0x30c4 C:/Program Files (x86)/Atmel/Studio/7.0/Packs/atmel/XMEGAA_DFP/1.1.63/gcc/dev/atxmega256a3bu/avrxmega6/crtatxmega256a3bu.o
 .debug_abbrev  0x000030c4      0x1f5 src/ASF/common/services/usb/class/cdc/device/example/atxmega256a3bu_xmega_a3bu_xplained/ui.o
 .debug_abbrev  0x000032b9      0x28f src/ASF/common/services/clock/xmega/sysclk.o
 .debug_abbrev  0x00003548       0x93 src/ASF/common/services/ioport/xmega/ioport_compat.o
 .debug_abbrev  0x000035db       0x80 src/ASF/common/services/sleepmgr/xmega/sleepmgr.o
 .debug_abbrev  0x0000365b      0x3fe src/ASF/common/services/usb/class/cdc/device/udi_cdc.o
 .debug_abbrev  0x00003a59       0xfe src/ASF/common/services/usb/class/cdc/device/udi_cdc_desc.o
 .debug_abbrev  0x00003b57      0x3c0 src/ASF/common/services/usb/udc/udc.o
 .debug_abbrev  0x00003f17      0x160 src/ASF/xmega/boards/xmega_a3bu_xplained/init.o
 .debug_abbrev  0x00004077       0x14 src/ASF/xmega/drivers/cpu/ccp.o
 .debug_abbrev  0x0000408b       0x12 src/ASF/xmega/drivers/nvm/nvm_asm.o
 .debug_abbrev  0x0000409d      0x5d4 src/ASF/xmega/drivers/usb/usb_device.o
 .debug_abbrev  0x00004671      0x226 src/main.o
 .debug_abbrev  0x00004897      0x247 src/uart_xmega.o

.debug_line     0x00000000     0x76d6
 *(.debug_line .debug_line.* .debug_line_end)
 .debug_line    0x00000000      0x39d C:/Program Files (x86)/Atmel/Studio/7.0/Packs/atmel/XMEGAA_DFP/1.1.63/gcc/dev/atxmega256a3bu/avrxmega6/crtatxmega256a3bu.o
 .debug_line    0x0000039d      0xd4c src/ASF/common/services/usb/class/cdc/device/example/atxmega256a3bu_xmega_a3bu_xplained/ui.o
 .debug_line    0x000010e9      0x77c src/ASF/common/services/clock/xmega/sysclk.o
 .debug_line    0x00001865      0x4b4 src/ASF/common/services/ioport/xmega/ioport_compat.o
 .debug_line    0x00001d19      0x457 src/ASF/common/services/sleepmgr/xmega/sleepmgr.o
 .debug_line    0x00002170      0xffb src/ASF/common/services/usb/class/cdc/device/udi_cdc.o
 .debug_line    0x0000316b      0x54c src/ASF/common/services/usb/class/cdc/device/udi_cdc_desc.o
 .debug_line    0x000036b7      0xa8f src/ASF/common/services/usb/udc/udc.o
 .debug_line    0x00004146      0x4df src/ASF/xmega/boards/xmega_a3bu_xplained/init.o
 .debug_line    0x00004625       0x6e src/ASF/xmega/drivers/cpu/ccp.o
 .debug_line    0x00004693      0x11f src/ASF/xmega/drivers/nvm/nvm_asm.o
 .debug_line    0x000047b2     0x151f src/ASF/xmega/drivers/usb/usb_device.o
 .debug_line    0x00005cd1      0xca7 src/main.o
 .debug_line    0x00006978      0xd5e src/uart_xmega.o

.debug_frame    0x00000000      0xcec
 *(.debug_frame)
 .debug_frame   0x00000000       0xd4 src/ASF/common/services/usb/class/cdc/device/example/atxmega256a3bu_xmega_a3bu_xplained/ui.o
 .debug_frame   0x000000d4       0xb0 src/ASF/common/services/clock/xmega/sysclk.o
 .debug_frame   0x00000184       0x30 src/ASF/common/services/ioport/xmega/ioport_compat.o
 .debug_frame   0x000001b4      0x430 src/ASF/common/services/usb/class/cdc/device/udi_cdc.o
 .debug_frame   0x000005e4      0x114 src/ASF/common/services/usb/udc/udc.o
 .debug_frame   0x000006f8       0x24 src/ASF/xmega/boards/xmega_a3bu_xplained/init.o
 .debug_frame   0x0000071c      0x428 src/ASF/xmega/drivers/usb/usb_device.o
 .debug_frame   0x00000b44       0x84 src/main.o
 .debug_frame   0x00000bc8      0x124 src/uart_xmega.o

.debug_str      0x00000000    0x39dd1
 *(.debug_str)
 .debug_str     0x00000000     0x21e4 C:/Program Files (x86)/Atmel/Studio/7.0/Packs/atmel/XMEGAA_DFP/1.1.63/gcc/dev/atxmega256a3bu/avrxmega6/crtatxmega256a3bu.o
 .debug_str     0x000021e4    0x31886 src/ASF/common/services/usb/class/cdc/device/example/atxmega256a3bu_xmega_a3bu_xplained/ui.o
                              0x31f9d (size before relaxing)
 .debug_str     0x00033a6a      0x852 src/ASF/common/services/clock/xmega/sysclk.o
                              0x2b280 (size before relaxing)
 .debug_str     0x000342bc       0xab src/ASF/common/services/ioport/xmega/ioport_compat.o
                              0x28a6a (size before relaxing)
 .debug_str     0x00034367       0x96 src/ASF/common/services/sleepmgr/xmega/sleepmgr.o
                              0x287b3 (size before relaxing)
 .debug_str     0x000343fd      0xfa4 src/ASF/common/services/usb/class/cdc/device/udi_cdc.o
                              0x2e9d8 (size before relaxing)
 .debug_str     0x000353a1      0x5e8 src/ASF/common/services/usb/class/cdc/device/udi_cdc_desc.o
                              0x2dfdd (size before relaxing)
 .debug_str     0x00035989      0x7c1 src/ASF/common/services/usb/udc/udc.o
                              0x2d132 (size before relaxing)
 .debug_str     0x0003614a      0x131 src/ASF/xmega/boards/xmega_a3bu_xplained/init.o
                              0x2a6c5 (size before relaxing)
 .debug_str     0x0003627b     0x377f src/ASF/xmega/drivers/usb/usb_device.o
                              0x31493 (size before relaxing)
 .debug_str     0x000399fa       0xe3 src/main.o
                              0x31f2c (size before relaxing)
 .debug_str     0x00039add      0x2f4 src/uart_xmega.o
                              0x325ab (size before relaxing)

.debug_loc      0x00000000     0x320f
 *(.debug_loc)
 .debug_loc     0x00000000       0xd8 src/ASF/common/services/usb/class/cdc/device/example/atxmega256a3bu_xmega_a3bu_xplained/ui.o
 .debug_loc     0x000000d8      0x37b src/ASF/common/services/clock/xmega/sysclk.o
 .debug_loc     0x00000453       0x66 src/ASF/common/services/ioport/xmega/ioport_compat.o
 .debug_loc     0x000004b9     0x125f src/ASF/common/services/usb/class/cdc/device/udi_cdc.o
 .debug_loc     0x00001718      0x4d3 src/ASF/common/services/usb/udc/udc.o
 .debug_loc     0x00001beb     0x1289 src/ASF/xmega/drivers/usb/usb_device.o
 .debug_loc     0x00002e74       0xb6 src/main.o
 .debug_loc     0x00002f2a      0x2e5 src/uart_xmega.o

.debug_macinfo
 *(.debug_macinfo)

.debug_weaknames
 *(.debug_weaknames)

.debug_funcnames
 *(.debug_funcnames)

.debug_typenames
 *(.debug_typenames)

.debug_varnames
 *(.debug_varnames)

.debug_pubtypes
 *(.debug_pubtypes)

.debug_ranges   0x00000000      0x468
 *(.debug_ranges)
 .debug_ranges  0x00000000       0x68 src/ASF/common/services/usb/class/cdc/device/example/atxmega256a3bu_xmega_a3bu_xplained/ui.o
 .debug_ranges  0x00000068       0x30 src/ASF/common/services/clock/xmega/sysclk.o
 .debug_ranges  0x00000098       0x10 src/ASF/common/services/ioport/xmega/ioport_compat.o
 .debug_ranges  0x000000a8      0x160 src/ASF/common/services/usb/class/cdc/device/udi_cdc.o
 .debug_ranges  0x00000208       0x78 src/ASF/common/services/usb/udc/udc.o
 .debug_ranges  0x00000280       0x10 src/ASF/xmega/boards/xmega_a3bu_xplained/init.o
 .debug_ranges  0x00000290       0x20 src/ASF/xmega/drivers/nvm/nvm_asm.o
 .debug_ranges  0x000002b0      0x140 src/ASF/xmega/drivers/usb/usb_device.o
 .debug_ranges  0x000003f0       0x40 src/main.o
 .debug_ranges  0x00000430       0x38 src/uart_xmega.o

.debug_macro    0x00000000     0x31ae
 *(.debug_macro)
 .debug_macro   0x00000000      0x466 src/ASF/common/services/usb/class/cdc/device/example/atxmega256a3bu_xmega_a3bu_xplained/ui.o
 .debug_macro   0x00000466       0x34 src/ASF/common/services/usb/class/cdc/device/example/atxmega256a3bu_xmega_a3bu_xplained/ui.o
 .debug_macro   0x0000049a       0x46 src/ASF/common/services/usb/class/cdc/device/example/atxmega256a3bu_xmega_a3bu_xplained/ui.o
 .debug_macro   0x000004e0       0x26 src/ASF/common/services/usb/class/cdc/device/example/atxmega256a3bu_xmega_a3bu_xplained/ui.o
 .debug_macro   0x00000506       0x42 src/ASF/common/services/usb/class/cdc/device/example/atxmega256a3bu_xmega_a3bu_xplained/ui.o
 .debug_macro   0x00000548       0x10 src/ASF/common/services/usb/class/cdc/device/example/atxmega256a3bu_xmega_a3bu_xplained/ui.o
 .debug_macro   0x00000558       0x58 src/ASF/common/services/usb/class/cdc/device/example/atxmega256a3bu_xmega_a3bu_xplained/ui.o
 .debug_macro   0x000005b0       0x10 src/ASF/common/services/usb/class/cdc/device/example/atxmega256a3bu_xmega_a3bu_xplained/ui.o
 .debug_macro   0x000005c0       0xf2 src/ASF/common/services/usb/class/cdc/device/example/atxmega256a3bu_xmega_a3bu_xplained/ui.o
 .debug_macro   0x000006b2      0x228 src/ASF/common/services/usb/class/cdc/device/example/atxmega256a3bu_xmega_a3bu_xplained/ui.o
 .debug_macro   0x000008da       0xad src/ASF/common/services/usb/class/cdc/device/example/atxmega256a3bu_xmega_a3bu_xplained/ui.o
 .debug_macro   0x00000987       0xf0 src/ASF/common/services/usb/class/cdc/device/example/atxmega256a3bu_xmega_a3bu_xplained/ui.o
 .debug_macro   0x00000a77      0x24b src/ASF/common/services/usb/class/cdc/device/example/atxmega256a3bu_xmega_a3bu_xplained/ui.o
 .debug_macro   0x00000cc2      0x162 src/ASF/common/services/usb/class/cdc/device/example/atxmega256a3bu_xmega_a3bu_xplained/ui.o
 .debug_macro   0x00000e24       0x16 src/ASF/common/services/usb/class/cdc/device/example/atxmega256a3bu_xmega_a3bu_xplained/ui.o
 .debug_macro   0x00000e3a       0x1c src/ASF/common/services/usb/class/cdc/device/example/atxmega256a3bu_xmega_a3bu_xplained/ui.o
 .debug_macro   0x00000e56      0x192 src/ASF/common/services/usb/class/cdc/device/example/atxmega256a3bu_xmega_a3bu_xplained/ui.o
 .debug_macro   0x00000fe8       0x1c src/ASF/common/services/usb/class/cdc/device/example/atxmega256a3bu_xmega_a3bu_xplained/ui.o
 .debug_macro   0x00001004      0x1db src/ASF/common/services/clock/xmega/sysclk.o
 .debug_macro   0x000011df      0x193 src/ASF/common/services/ioport/xmega/ioport_compat.o
 .debug_macro   0x00001372      0x1a3 src/ASF/common/services/sleepmgr/xmega/sleepmgr.o
 .debug_macro   0x00001515      0x2c2 src/ASF/common/services/usb/class/cdc/device/udi_cdc.o
 .debug_macro   0x000017d7       0xa7 src/ASF/common/services/usb/class/cdc/device/udi_cdc.o
 .debug_macro   0x0000187e       0x16 src/ASF/common/services/usb/class/cdc/device/udi_cdc.o
 .debug_macro   0x00001894      0x233 src/ASF/common/services/usb/class/cdc/device/udi_cdc_desc.o
 .debug_macro   0x00001ac7      0x21f src/ASF/common/services/usb/udc/udc.o
 .debug_macro   0x00001ce6      0x1b5 src/ASF/xmega/boards/xmega_a3bu_xplained/init.o
 .debug_macro   0x00001e9b       0x3a src/ASF/xmega/boards/xmega_a3bu_xplained/init.o
 .debug_macro   0x00001ed5      0x2b9 src/ASF/xmega/boards/xmega_a3bu_xplained/init.o
 .debug_macro   0x0000218e      0x2d5 src/ASF/xmega/drivers/usb/usb_device.o
 .debug_macro   0x00002463      0x46a src/ASF/xmega/drivers/usb/usb_device.o
 .debug_macro   0x000028cd      0x46a src/main.o
 .debug_macro   0x00002d37      0x477 src/uart_xmega.o
OUTPUT(DEVICE_EXAMPLE1.elf elf32-avr)
LOAD linker stubs

.BOOT           0x00040000        0x0
