Archive member included to satisfy reference by file (symbol)

e:/atmel studio/7.0/toolchain/avr8/avr8-gnu-toolchain/bin/../lib/gcc/avr/4.9.2/avrxmega6\libgcc.a(_udivmodsi4.o)
                              src/ASF/xmega/drivers/spi/spi.o (__udivmodsi4)
e:/atmel studio/7.0/toolchain/avr8/avr8-gnu-toolchain/bin/../lib/gcc/avr/4.9.2/avrxmega6\libgcc.a(_exit.o)
                              E:/Atmel Studio/7.0/Packs/atmel/XMEGAA_DFP/1.0.39/gcc/dev/atxmega256a3bu/avrxmega6/crtatxmega256a3bu.o (exit)
e:/atmel studio/7.0/toolchain/avr8/avr8-gnu-toolchain/bin/../lib/gcc/avr/4.9.2/avrxmega6\libgcc.a(_tablejump2.o)
                              src/FreeRTOS/timers.o (__tablejump2__)
e:/atmel studio/7.0/toolchain/avr8/avr8-gnu-toolchain/bin/../lib/gcc/avr/4.9.2/avrxmega6\libgcc.a(_copy_data.o)
                              src/ASF/common/services/gfx_mono/sysfont.o (__do_copy_data)
e:/atmel studio/7.0/toolchain/avr8/avr8-gnu-toolchain/bin/../lib/gcc/avr/4.9.2/avrxmega6\libgcc.a(_clear_bss.o)
                              src/ASF/common/services/gfx_mono/gfx_mono_c12832_a1z.o (__do_clear_bss)
e:/atmel studio/7.0/toolchain/avr8/avr8-gnu-toolchain/bin/../lib/gcc/avr/4.9.2/../../../../avr/lib/avrxmega6\libc.a(memcpy.o)
                              src/ASF/xmega/drivers/nvm/nvm.o (memcpy)
e:/atmel studio/7.0/toolchain/avr8/avr8-gnu-toolchain/bin/../lib/gcc/avr/4.9.2/../../../../avr/lib/avrxmega6\libc.a(snprintf.o)
                              src/main.o (snprintf)
e:/atmel studio/7.0/toolchain/avr8/avr8-gnu-toolchain/bin/../lib/gcc/avr/4.9.2/../../../../avr/lib/avrxmega6\libc.a(vfprintf_std.o)
                              e:/atmel studio/7.0/toolchain/avr8/avr8-gnu-toolchain/bin/../lib/gcc/avr/4.9.2/../../../../avr/lib/avrxmega6\libc.a(snprintf.o) (vfprintf)
e:/atmel studio/7.0/toolchain/avr8/avr8-gnu-toolchain/bin/../lib/gcc/avr/4.9.2/../../../../avr/lib/avrxmega6\libc.a(strnlen_P.o)
                              e:/atmel studio/7.0/toolchain/avr8/avr8-gnu-toolchain/bin/../lib/gcc/avr/4.9.2/../../../../avr/lib/avrxmega6\libc.a(vfprintf_std.o) (strnlen_P)
e:/atmel studio/7.0/toolchain/avr8/avr8-gnu-toolchain/bin/../lib/gcc/avr/4.9.2/../../../../avr/lib/avrxmega6\libc.a(strnlen.o)
                              e:/atmel studio/7.0/toolchain/avr8/avr8-gnu-toolchain/bin/../lib/gcc/avr/4.9.2/../../../../avr/lib/avrxmega6\libc.a(vfprintf_std.o) (strnlen)
e:/atmel studio/7.0/toolchain/avr8/avr8-gnu-toolchain/bin/../lib/gcc/avr/4.9.2/../../../../avr/lib/avrxmega6\libc.a(fputc.o)
                              e:/atmel studio/7.0/toolchain/avr8/avr8-gnu-toolchain/bin/../lib/gcc/avr/4.9.2/../../../../avr/lib/avrxmega6\libc.a(vfprintf_std.o) (fputc)
e:/atmel studio/7.0/toolchain/avr8/avr8-gnu-toolchain/bin/../lib/gcc/avr/4.9.2/../../../../avr/lib/avrxmega6\libc.a(ultoa_invert.o)
                              e:/atmel studio/7.0/toolchain/avr8/avr8-gnu-toolchain/bin/../lib/gcc/avr/4.9.2/../../../../avr/lib/avrxmega6\libc.a(vfprintf_std.o) (__ultoa_invert)

Allocating common symbols
Common symbol       size              file

adcb_callback       0x2               src/ASF/xmega/drivers/adc/adc.o
sleepmgr_locks      0x6               src/ASF/common/services/sleepmgr/xmega/sleepmgr.o
adca_callback       0x2               src/ASF/xmega/drivers/adc/adc.o

Discarded input sections

 .data          0x00000000        0x0 E:/Atmel Studio/7.0/Packs/atmel/XMEGAA_DFP/1.0.39/gcc/dev/atxmega256a3bu/avrxmega6/crtatxmega256a3bu.o
 .bss           0x00000000        0x0 E:/Atmel Studio/7.0/Packs/atmel/XMEGAA_DFP/1.0.39/gcc/dev/atxmega256a3bu/avrxmega6/crtatxmega256a3bu.o
 .group         0x00000000        0x8 src/ASF/common/components/display/st7565r/st7565r.o
 .group         0x00000000        0x8 src/ASF/common/components/display/st7565r/st7565r.o
 .group         0x00000000        0x8 src/ASF/common/components/display/st7565r/st7565r.o
 .group         0x00000000        0x8 src/ASF/common/components/display/st7565r/st7565r.o
 .group         0x00000000        0x8 src/ASF/common/components/display/st7565r/st7565r.o
 .group         0x00000000        0x8 src/ASF/common/components/display/st7565r/st7565r.o
 .group         0x00000000        0x8 src/ASF/common/components/display/st7565r/st7565r.o
 .group         0x00000000        0x8 src/ASF/common/components/display/st7565r/st7565r.o
 .group         0x00000000        0x8 src/ASF/common/components/display/st7565r/st7565r.o
 .group         0x00000000        0x8 src/ASF/common/components/display/st7565r/st7565r.o
 .group         0x00000000        0x8 src/ASF/common/components/display/st7565r/st7565r.o
 .group         0x00000000        0x8 src/ASF/common/components/display/st7565r/st7565r.o
 .group         0x00000000        0x8 src/ASF/common/components/display/st7565r/st7565r.o
 .group         0x00000000        0x8 src/ASF/common/components/display/st7565r/st7565r.o
 .group         0x00000000        0x8 src/ASF/common/components/display/st7565r/st7565r.o
[...]
Memory Configuration

Name             Origin             Length             Attributes
text             0x00000000         0x00100000         xr
data             0x00802000         0x0000ffa0         rw !x
eeprom           0x00810000         0x00010000         rw !x
fuse             0x00820000         0x00000400         rw !x
lock             0x00830000         0x00000400         rw !x
signature        0x00840000         0x00000400         rw !x
user_signatures  0x00850000         0x00000400         rw !x
*default*        0x00000000         0xffffffff

Linker script and memory map

LOAD E:/Atmel Studio/7.0/Packs/atmel/XMEGAA_DFP/1.0.39/gcc/dev/atxmega256a3bu/avrxmega6/crtatxmega256a3bu.o
LOAD src/ASF/common/components/display/st7565r/st7565r.o
LOAD src/ASF/common/services/clock/xmega/sysclk.o
LOAD src/ASF/common/services/gfx_mono/gfx_mono_c12832_a1z.o
LOAD src/ASF/common/services/gfx_mono/gfx_mono_framebuffer.o
LOAD src/ASF/common/services/gfx_mono/gfx_mono_generic.o
LOAD src/ASF/common/services/gfx_mono/gfx_mono_text.o
LOAD src/ASF/common/services/gfx_mono/sysfont.o
LOAD src/ASF/common/services/serial/usart_serial.o
LOAD src/ASF/common/services/sleepmgr/xmega/sleepmgr.o
LOAD src/ASF/common/services/spi/xmega_spi/spi_master.o
LOAD src/ASF/common/services/spi/xmega_usart_spi/usart_spi.o
LOAD src/ASF/xmega/drivers/adc/adc.o
LOAD src/ASF/xmega/drivers/adc/xmega_aau/adc_aau.o
LOAD src/ASF/xmega/drivers/cpu/ccp.o
LOAD src/ASF/xmega/drivers/nvm/nvm.o
LOAD src/ASF/xmega/drivers/nvm/nvm_asm.o
LOAD src/ASF/xmega/drivers/spi/spi.o
LOAD src/ASF/xmega/drivers/usart/usart.o
LOAD src/FreeRTOS/croutine.o
LOAD src/FreeRTOS/event_groups.o
LOAD src/FreeRTOS/list.o
LOAD src/FreeRTOS/portable/GCC/ATXmega256A3BU/port.o
LOAD src/FreeRTOS/portable/MemMang/heap_4.o
LOAD src/FreeRTOS/queue.o
LOAD src/FreeRTOS/tasks.o
LOAD src/FreeRTOS/timers.o
LOAD src/ASF/common/services/ioport/xmega/ioport_compat.o
LOAD src/ASF/xmega/boards/xmega_a3bu_xplained/init.o
LOAD src/main.o
START GROUP
LOAD e:/atmel studio/7.0/toolchain/avr8/avr8-gnu-toolchain/bin/../lib/gcc/avr/4.9.2/../../../../avr/lib/avrxmega6\libm.a
END GROUP
Address of section .BOOT set to 0x40000
START GROUP
LOAD e:/atmel studio/7.0/toolchain/avr8/avr8-gnu-toolchain/bin/../lib/gcc/avr/4.9.2/avrxmega6\libgcc.a
LOAD e:/atmel studio/7.0/toolchain/avr8/avr8-gnu-toolchain/bin/../lib/gcc/avr/4.9.2/../../../../avr/lib/avrxmega6\libm.a
LOAD e:/atmel studio/7.0/toolchain/avr8/avr8-gnu-toolchain/bin/../lib/gcc/avr/4.9.2/../../../../avr/lib/avrxmega6\libc.a
LOAD E:/Atmel Studio/7.0/Packs/atmel/XMEGAA_DFP/1.0.39/gcc/dev/atxmega256a3bu/avrxmega6\libatxmega256a3bu.a
END GROUP
                0x00100000                __TEXT_REGION_LENGTH__ = DEFINED (__TEXT_REGION_LENGTH__)?__TEXT_REGION_LENGTH__:0x100000
                0x0000ffa0                __DATA_REGION_LENGTH__ = DEFINED (__DATA_REGION_LENGTH__)?__DATA_REGION_LENGTH__:0xffa0
                0x00010000                __EEPROM_REGION_LENGTH__ = DEFINED (__EEPROM_REGION_LENGTH__)?__EEPROM_REGION_LENGTH__:0x10000
                0x00000400                __FUSE_REGION_LENGTH__ = DEFINED (__FUSE_REGION_LENGTH__)?__FUSE_REGION_LENGTH__:0x400
                0x00000400                __LOCK_REGION_LENGTH__ = DEFINED (__LOCK_REGION_LENGTH__)?__LOCK_REGION_LENGTH__:0x400
                0x00000400                __SIGNATURE_REGION_LENGTH__ = DEFINED (__SIGNATURE_REGION_LENGTH__)?__SIGNATURE_REGION_LENGTH__:0x400
                0x00000400                __USER_SIGNATURE_REGION_LENGTH__ = DEFINED (__USER_SIGNATURE_REGION_LENGTH__)?__USER_SIGNATURE_REGION_LENGTH__:0x400

.hash
 *(.hash)

.dynsym
 *(.dynsym)

.dynstr
 *(.dynstr)

.gnu.version
 *(.gnu.version)

.gnu.version_d
 *(.gnu.version_d)

.gnu.version_r
 *(.gnu.version_r)

.rel.init
 *(.rel.init)

.rela.init
 *(.rela.init)

.rel.text
 *(.rel.text)
 *(.rel.text.*)
 *(.rel.gnu.linkonce.t*)

.rela.text
 *(.rela.text)
 *(.rela.text.*)
 *(.rela.gnu.linkonce.t*)

.rel.fini
 *(.rel.fini)

.rela.fini
 *(.rela.fini)

.rel.rodata
 *(.rel.rodata)
 *(.rel.rodata.*)
 *(.rel.gnu.linkonce.r*)

.rela.rodata
 *(.rela.rodata)
 *(.rela.rodata.*)
 *(.rela.gnu.linkonce.r*)

.rel.data
 *(.rel.data)
 *(.rel.data.*)
 *(.rel.gnu.linkonce.d*)

.rela.data
 *(.rela.data)
 *(.rela.data.*)
 *(.rela.gnu.linkonce.d*)

.rel.ctors
 *(.rel.ctors)

.rela.ctors
 *(.rela.ctors)

.rel.dtors
 *(.rel.dtors)

.rela.dtors
 *(.rela.dtors)

.rel.got
 *(.rel.got)

.rela.got
 *(.rela.got)

.rel.bss
 *(.rel.bss)

.rela.bss
 *(.rela.bss)

.rel.plt
 *(.rel.plt)

.rela.plt
 *(.rela.plt)

.text           0x00000000     0x42b2
 *(.vectors)
 .vectors       0x00000000      0x1fc E:/Atmel Studio/7.0/Packs/atmel/XMEGAA_DFP/1.0.39/gcc/dev/atxmega256a3bu/avrxmega6/crtatxmega256a3bu.o
                0x00000000                __vector_default
                0x00000000                __vectors
 *(.vectors)
 *(.progmem.gcc*)
 .progmem.gcc_sw_table.prvTimerTask
                0x000001fc       0x14 src/FreeRTOS/timers.o
                0x00000210                . = ALIGN (0x2)
                0x00000210                __trampolines_start = .
 *(.trampolines)
 .trampolines   0x00000210        0x0 linker stubs
 *(.trampolines*)
                0x00000210                __trampolines_end = .
 *libprintf_flt.a:*(.progmem.data)
 *libc.a:*(.progmem.data)
 *(.progmem*)
 .progmem.data.sysfont_glyphs
                0x00000210      0x292 src/ASF/common/services/gfx_mono/sysfont.o
                0x000004a2                . = ALIGN (0x2)
 *(.jumptables)
 *(.jumptables*)
 *(.lowtext)
 *(.lowtext*)
                0x000004a2                __ctors_start = .
 *(.ctors)
                0x000004a2                __ctors_end = .
                0x000004a2                __dtors_start = .
 *(.dtors)
                0x000004a2                __dtors_end = .
 SORT(*)(.ctors)
 SORT(*)(.dtors)
 *(.init0)
 .init0         0x000004a2        0x0 E:/Atmel Studio/7.0/Packs/atmel/XMEGAA_DFP/1.0.39/gcc/dev/atxmega256a3bu/avrxmega6/crtatxmega256a3bu.o
                0x000004a2                __init
 *(.init0)
 *(.init1)
 *(.init1)
 *(.init2)
 .init2         0x000004a2       0x10 E:/Atmel Studio/7.0/Packs/atmel/XMEGAA_DFP/1.0.39/gcc/dev/atxmega256a3bu/avrxmega6/crtatxmega256a3bu.o
 *(.init2)
 *(.init3)
 *(.init3)
 *(.init4)
 .init4         0x000004b2       0x1a e:/atmel studio/7.0/toolchain/avr8/avr8-gnu-toolchain/bin/../lib/gcc/avr/4.9.2/avrxmega6\libgcc.a(_copy_data.o)
                0x000004b2                __do_copy_data
 .init4         0x000004cc       0x10 e:/atmel studio/7.0/toolchain/avr8/avr8-gnu-toolchain/bin/../lib/gcc/avr/4.9.2/avrxmega6\libgcc.a(_clear_bss.o)
                0x000004cc                __do_clear_bss
 *(.init4)
 *(.init5)
 *(.init5)
 *(.init6)
 *(.init6)
 *(.init7)
 *(.init7)
 *(.init8)
 *(.init8)
 *(.init9)
 .init9         0x000004dc        0x8 E:/Atmel Studio/7.0/Packs/atmel/XMEGAA_DFP/1.0.39/gcc/dev/atxmega256a3bu/avrxmega6/crtatxmega256a3bu.o
 *(.init9)
 *(.text)
 .text          0x000004e4        0x2 E:/Atmel Studio/7.0/Packs/atmel/XMEGAA_DFP/1.0.39/gcc/dev/atxmega256a3bu/avrxmega6/crtatxmega256a3bu.o
                0x000004e4                __vector_38
                0x000004e4                __vector_104
                0x000004e4                __vector_22
                0x000004e4                __vector_63
                0x000004e4                __vector_28
                0x000004e4                __vector_67
                0x000004e4                __vector_1
                0x000004e4                __vector_119
                0x000004e4                __vector_32
                0x000004e4                __vector_75
                0x000004e4                __vector_91
                0x000004e4                __vector_34
                0x000004e4                __vector_62
                0x000004e4                __vector_77
                0x000004e4                __vector_102
                0x000004e4                __vector_24
                0x000004e4                __vector_12
                0x000004e4                __vector_55
                0x000004e4                __vector_69
                0x000004e4                __vector_81
                0x000004e4                __vector_90
                0x000004e4                __vector_46
                0x000004e4                __bad_interrupt
                0x000004e4                __vector_122
                0x000004e4                __vector_114
                0x000004e4                __vector_6
                0x000004e4                __vector_110
                0x000004e4                __vector_31
                0x000004e4                __vector_92
                0x000004e4                __vector_35
                0x000004e4                __vector_78
                0x000004e4                __vector_117
                0x000004e4                __vector_107
                0x000004e4                __vector_3
                0x000004e4                __vector_105
                0x000004e4                __vector_98
                0x000004e4                __vector_23
                0x000004e4                __vector_68
                0x000004e4                __vector_30
                0x000004e4                __vector_45
                0x000004e4                __vector_25
                0x000004e4                __vector_93
                0x000004e4                __vector_61
                0x000004e4                __vector_11
                0x000004e4                __vector_54
                0x000004e4                __vector_99
                0x000004e4                __vector_13
                0x000004e4                __vector_17
                0x000004e4                __vector_19
                0x000004e4                __vector_56
                0x000004e4                __vector_7
                0x000004e4                __vector_125
                0x000004e4                __vector_49
                0x000004e4                __vector_123
                0x000004e4                __vector_86
                0x000004e4                __vector_100
                0x000004e4                __vector_101
                0x000004e4                __vector_64
                0x000004e4                __vector_88
                0x000004e4                __vector_109
                0x000004e4                __vector_43
                0x000004e4                __vector_27
                0x000004e4                __vector_5
                0x000004e4                __vector_113
                0x000004e4                __vector_33
                0x000004e4                __vector_76
                0x000004e4                __vector_115
                0x000004e4                __vector_47
                0x000004e4                __vector_52
                0x000004e4                __vector_37
                0x000004e4                __vector_95
                0x000004e4                __vector_103
                0x000004e4                __vector_96
                0x000004e4                __vector_89
                0x000004e4                __vector_108
                0x000004e4                __vector_4
                0x000004e4                __vector_44
                0x000004e4                __vector_82
                0x000004e4                __vector_106
                0x000004e4                __vector_118
                0x000004e4                __vector_51
                0x000004e4                __vector_9
                0x000004e4                __vector_2
                0x000004e4                __vector_21
                0x000004e4                __vector_15
                0x000004e4                __vector_66
                0x000004e4                __vector_36
                0x000004e4                __vector_79
                0x000004e4                __vector_58
                0x000004e4                __vector_70
                0x000004e4                __vector_83
                0x000004e4                __vector_29
                0x000004e4                __vector_60
                0x000004e4                __vector_121
                0x000004e4                __vector_85
                0x000004e4                __vector_94
                0x000004e4                __vector_126
                0x000004e4                __vector_8
                0x000004e4                __vector_26
                0x000004e4                __vector_48
                0x000004e4                __vector_124
                0x000004e4                __vector_116
                0x000004e4                __vector_112
                0x000004e4                __vector_111
                0x000004e4                __vector_80
                0x000004e4                __vector_84
                0x000004e4                __vector_57
                0x000004e4                __vector_53
                0x000004e4                __vector_10
                0x000004e4                __vector_50
                0x000004e4                __vector_16
                0x000004e4                __vector_59
                0x000004e4                __vector_18
                0x000004e4                __vector_97
                0x000004e4                __vector_20
                0x000004e4                __vector_87
                0x000004e4                __vector_65
                0x000004e4                __vector_120
                0x000004e6                . = ALIGN (0x2)
 *(.text.*)
 .text.st7565r_init
                0x000004e6      0x36c src/ASF/common/components/display/st7565r/st7565r.o
                0x000004e6                st7565r_init
 .text.sysclk_enable_module
                0x00000852       0x18 src/ASF/common/services/clock/xmega/sysclk.o
                0x00000852                sysclk_enable_module
 .text.sysclk_disable_module
                0x0000086a       0x16 src/ASF/common/services/clock/xmega/sysclk.o
                0x0000086a                sysclk_disable_module
 .text.gfx_mono_st7565r_put_byte
                0x00000880      0x14e src/ASF/common/services/gfx_mono/gfx_mono_c12832_a1z.o
                0x00000880                gfx_mono_st7565r_put_byte
 .text.gfx_mono_st7565r_init
                0x000009ce       0x84 src/ASF/common/services/gfx_mono/gfx_mono_c12832_a1z.o
                0x000009ce                gfx_mono_st7565r_init
 .text.gfx_mono_st7565r_draw_pixel
                0x00000a52       0x7c src/ASF/common/services/gfx_mono/gfx_mono_c12832_a1z.o
                0x00000a52                gfx_mono_st7565r_draw_pixel
 .text.gfx_mono_st7565r_get_byte
                0x00000ace        0x4 src/ASF/common/services/gfx_mono/gfx_mono_c12832_a1z.o
                0x00000ace                gfx_mono_st7565r_get_byte
 .text.gfx_mono_set_framebuffer
                0x00000ad2        0xa src/ASF/common/services/gfx_mono/gfx_mono_framebuffer.o
                0x00000ad2                gfx_mono_set_framebuffer
 .text.gfx_mono_framebuffer_put_byte
                0x00000adc       0x1c src/ASF/common/services/gfx_mono/gfx_mono_framebuffer.o
                0x00000adc                gfx_mono_framebuffer_put_byte
 .text.gfx_mono_framebuffer_get_byte
                0x00000af8       0x1c src/ASF/common/services/gfx_mono/gfx_mono_framebuffer.o
                0x00000af8                gfx_mono_framebuffer_get_byte
 .text.gfx_mono_generic_draw_horizontal_line
                0x00000b14       0xd6 src/ASF/common/services/gfx_mono/gfx_mono_generic.o
                0x00000b14                gfx_mono_generic_draw_horizontal_line
 .text.gfx_mono_generic_draw_filled_rect
                0x00000bea       0x34 src/ASF/common/services/gfx_mono/gfx_mono_generic.o
                0x00000bea                gfx_mono_generic_draw_filled_rect
 .text.gfx_mono_draw_char
                0x00000c1e       0xba src/ASF/common/services/gfx_mono/gfx_mono_text.o
                0x00000c1e                gfx_mono_draw_char
 .text.gfx_mono_draw_string
                0x00000cd8       0x52 src/ASF/common/services/gfx_mono/gfx_mono_text.o
                0x00000cd8                gfx_mono_draw_string
 .text.usart_spi_init
                0x00000d2a       0x5e src/ASF/common/services/spi/xmega_usart_spi/usart_spi.o
                0x00000d2a                usart_spi_init
 .text.usart_spi_setup_device
                0x00000d88       0x34 src/ASF/common/services/spi/xmega_usart_spi/usart_spi.o
                0x00000d88                usart_spi_setup_device
 .text.usart_spi_select_device
                0x00000dbc       0x2c src/ASF/common/services/spi/xmega_usart_spi/usart_spi.o
                0x00000dbc                usart_spi_select_device
 .text.usart_spi_deselect_device
                0x00000de8       0x2c src/ASF/common/services/spi/xmega_usart_spi/usart_spi.o
                0x00000de8                usart_spi_deselect_device
 .text.adc_enable_clock
                0x00000e14       0x3e src/ASF/xmega/drivers/adc/adc.o
                0x00000e14                adc_enable_clock
 .text.adc_disable_clock
                0x00000e52       0x3a src/ASF/xmega/drivers/adc/adc.o
                0x00000e52                adc_disable_clock
 .text.adc_enable
                0x00000e8c       0x2e src/ASF/xmega/drivers/adc/adc.o
                0x00000e8c                adc_enable
 .text.__vector_71
                0x00000eba       0x64 src/ASF/xmega/drivers/adc/xmega_aau/adc_aau.o
                0x00000eba                __vector_71
 .text.__vector_72
                0x00000f1e       0x64 src/ASF/xmega/drivers/adc/xmega_aau/adc_aau.o
                0x00000f1e                __vector_72
 .text.__vector_73
                0x00000f82       0x64 src/ASF/xmega/drivers/adc/xmega_aau/adc_aau.o
                0x00000f82                __vector_73
 .text.__vector_74
                0x00000fe6       0x64 src/ASF/xmega/drivers/adc/xmega_aau/adc_aau.o
                0x00000fe6                __vector_74
 .text.__vector_39
                0x0000104a       0x64 src/ASF/xmega/drivers/adc/xmega_aau/adc_aau.o
                0x0000104a                __vector_39
 .text.__vector_40
                0x000010ae       0x64 src/ASF/xmega/drivers/adc/xmega_aau/adc_aau.o
                0x000010ae                __vector_40
 .text.__vector_41
                0x00001112       0x64 src/ASF/xmega/drivers/adc/xmega_aau/adc_aau.o
                0x00001112                __vector_41
 .text.__vector_42
                0x00001176       0x64 src/ASF/xmega/drivers/adc/xmega_aau/adc_aau.o
                0x00001176                __vector_42
 .text.adc_write_configuration
                0x000011da       0xa0 src/ASF/xmega/drivers/adc/xmega_aau/adc_aau.o
                0x000011da                adc_write_configuration
 .text.adc_read_configuration
                0x0000127a       0x46 src/ASF/xmega/drivers/adc/xmega_aau/adc_aau.o
                0x0000127a                adc_read_configuration
 .text.adcch_write_configuration
                0x000012c0       0x72 src/ASF/xmega/drivers/adc/xmega_aau/adc_aau.o
                0x000012c0                adcch_write_configuration
 .text.adcch_read_configuration
                0x00001332       0x72 src/ASF/xmega/drivers/adc/xmega_aau/adc_aau.o
                0x00001332                adcch_read_configuration
 .text.nvm_read_byte
                0x000013a4       0x14 src/ASF/xmega/drivers/nvm/nvm_asm.o
                0x000013a4                nvm_read_byte
 .text.usart_putchar
                0x000013b8       0x10 src/ASF/xmega/drivers/usart/usart.o
                0x000013b8                usart_putchar
 .text.usart_set_baudrate
                0x000013c8      0x232 src/ASF/xmega/drivers/usart/usart.o
                0x000013c8                usart_set_baudrate
 .text.usart_init_rs232
                0x000015fa      0x222 src/ASF/xmega/drivers/usart/usart.o
                0x000015fa                usart_init_rs232
 .text.usart_spi_set_baudrate
                0x0000181c       0x64 src/ASF/xmega/drivers/usart/usart.o
                0x0000181c                usart_spi_set_baudrate
 .text.usart_init_spi
                0x00001880      0x374 src/ASF/xmega/drivers/usart/usart.o
                0x00001880                usart_init_spi
 .text.vListInitialise
                0x00001bf4       0x1c src/FreeRTOS/list.o
                0x00001bf4                vListInitialise
 .text.vListInitialiseItem
                0x00001c10        0x8 src/FreeRTOS/list.o
                0x00001c10                vListInitialiseItem
 .text.vListInsertEnd
                0x00001c18       0x42 src/FreeRTOS/list.o
                0x00001c18                vListInsertEnd
 .text.vListInsert
                0x00001c5a       0x62 src/FreeRTOS/list.o
                0x00001c5a                vListInsert
 .text.uxListRemove
                0x00001cbc       0x4c src/FreeRTOS/list.o
                0x00001cbc                uxListRemove
 .text.pxPortInitialiseStack
                0x00001d08       0xee src/FreeRTOS/portable/GCC/ATXmega256A3BU/port.o
                0x00001d08                pxPortInitialiseStack
 .text.xPortStartScheduler
                0x00001df6       0x8a src/FreeRTOS/portable/GCC/ATXmega256A3BU/port.o
                0x00001df6                xPortStartScheduler
 .text.vPortYield
                0x00001e80       0xb0 src/FreeRTOS/portable/GCC/ATXmega256A3BU/port.o
                0x00001e80                vPortYield
 .text.__vector_14
                0x00001f30       0xb4 src/FreeRTOS/portable/GCC/ATXmega256A3BU/port.o
                0x00001f30                __vector_14
 .text.prvInsertBlockIntoFreeList
                0x00001fe4       0x9e src/FreeRTOS/portable/MemMang/heap_4.o
 .text.pvPortMalloc
                0x00002082      0x172 src/FreeRTOS/portable/MemMang/heap_4.o
                0x00002082                pvPortMalloc
 .text.vPortFree
                0x000021f4       0x5e src/FreeRTOS/portable/MemMang/heap_4.o
                0x000021f4                vPortFree
 .text.xPortGetFreeHeapSize
                0x00002252        0xa src/FreeRTOS/portable/MemMang/heap_4.o
                0x00002252                xPortGetFreeHeapSize
 .text.prvCopyDataToQueue
                0x0000225c       0x9a src/FreeRTOS/queue.o
 .text.prvCopyDataFromQueue
                0x000022f6       0x34 src/FreeRTOS/queue.o
 .text.prvUnlockQueue
                0x0000232a       0x90 src/FreeRTOS/queue.o
 .text.xQueueGenericReset
                0x000023ba       0x72 src/FreeRTOS/queue.o
                0x000023ba                xQueueGenericReset
 .text.xQueueGenericCreate
                0x0000242c       0x52 src/FreeRTOS/queue.o
                0x0000242c                xQueueGenericCreate
 .text.xQueueGenericSend
                0x0000247e      0x11a src/FreeRTOS/queue.o
                0x0000247e                xQueueGenericSend
 .text.xQueueGenericSendFromISR
                0x00002598       0x6c src/FreeRTOS/queue.o
                0x00002598                xQueueGenericSendFromISR
 .text.xQueueGenericReceive
                0x00002604      0x12e src/FreeRTOS/queue.o
                0x00002604                xQueueGenericReceive
 .text.vQueueWaitForMessageRestricted
                0x00002732       0x36 src/FreeRTOS/queue.o
                0x00002732                vQueueWaitForMessageRestricted
 .text.prvIdleTask
                0x00002768        0xe src/FreeRTOS/tasks.o
 .text.prvAddCurrentTaskToDelayedList
                0x00002776       0x6a src/FreeRTOS/tasks.o
 .text.xTaskGenericCreate
                0x000027e0      0x202 src/FreeRTOS/tasks.o
                0x000027e0                xTaskGenericCreate
 .text.vTaskStartScheduler
                0x000029e2       0x66 src/FreeRTOS/tasks.o
                0x000029e2                vTaskStartScheduler
 .text.vTaskSuspendAll
                0x00002a48        0xc src/FreeRTOS/tasks.o
                0x00002a48                vTaskSuspendAll
 .text.xTaskGetTickCount
                0x00002a54       0x14 src/FreeRTOS/tasks.o
                0x00002a54                xTaskGetTickCount
 .text.xTaskIncrementTick
                0x00002a68      0x1a6 src/FreeRTOS/tasks.o
                0x00002a68                xTaskIncrementTick
 .text.xTaskResumeAll
                0x00002c0e       0xfc src/FreeRTOS/tasks.o
                0x00002c0e                xTaskResumeAll
 .text.vTaskDelay
                0x00002d0a       0x38 src/FreeRTOS/tasks.o
                0x00002d0a                vTaskDelay
 .text.vTaskSwitchContext
                0x00002d42       0xda src/FreeRTOS/tasks.o
                0x00002d42                vTaskSwitchContext
 .text.vTaskPlaceOnEventList
                0x00002e1c       0x3a src/FreeRTOS/tasks.o
                0x00002e1c                vTaskPlaceOnEventList
 .text.vTaskPlaceOnEventListRestricted
                0x00002e56       0x3a src/FreeRTOS/tasks.o
                0x00002e56                vTaskPlaceOnEventListRestricted
 .text.xTaskRemoveFromEventList
                0x00002e90       0x90 src/FreeRTOS/tasks.o
                0x00002e90                xTaskRemoveFromEventList
 .text.vTaskSetTimeOutState
                0x00002f20       0x16 src/FreeRTOS/tasks.o
                0x00002f20                vTaskSetTimeOutState
 .text.xTaskCheckForTimeOut
                0x00002f36       0x62 src/FreeRTOS/tasks.o
                0x00002f36                xTaskCheckForTimeOut
 .text.vTaskMissedYield
                0x00002f98        0x8 src/FreeRTOS/tasks.o
                0x00002f98                vTaskMissedYield
 .text.xTaskGetSchedulerState
                0x00002fa0       0x1c src/FreeRTOS/tasks.o
                0x00002fa0                xTaskGetSchedulerState
 .text.prvInsertTimerInActiveList
                0x00002fbc       0x5e src/FreeRTOS/timers.o
 .text.prvCheckForValidListAndQueue
                0x0000301a       0x50 src/FreeRTOS/timers.o
 .text.xTimerCreateTimerTask
                0x0000306a       0x50 src/FreeRTOS/timers.o
                0x0000306a                xTimerCreateTimerTask
 .text.xTimerCreate
                0x000030ba       0x6e src/FreeRTOS/timers.o
                0x000030ba                xTimerCreate
 .text.xTimerGenericCommand
                0x00003128       0x84 src/FreeRTOS/timers.o
                0x00003128                xTimerGenericCommand
 .text.prvSampleTimeNow
                0x000031ac       0xdc src/FreeRTOS/timers.o
 .text.prvTimerTask
                0x00003288      0x1ba src/FreeRTOS/timers.o
 .text.ioport_configure_port_pin
                0x00003442       0x50 src/ASF/common/services/ioport/xmega/ioport_compat.o
                0x00003442                ioport_configure_port_pin
 .text.board_init
                0x00003492      0x13a src/ASF/xmega/boards/xmega_a3bu_xplained/init.o
                0x00003492                board_init
 .text.vTimerCallback
                0x000035cc       0x28 src/main.o
                0x000035cc                vTimerCallback
 .text.testLCD  0x000035f4       0xee src/main.o
 .text.testQtouch
                0x000036e2       0x42 src/main.o
 .text.testHeap
                0x00003724       0x14 src/main.o
 .text.testLight
                0x00003738       0x3e src/main.o
 .text.testPotentio
                0x00003776       0x66 src/main.o
 .text.PWM_Init
                0x000037dc       0x28 src/main.o
                0x000037dc                PWM_Init
 .text.testServo
                0x00003804       0x78 src/main.o
 .text.setUpSerial
                0x0000387c       0x1c src/main.o
                0x0000387c                setUpSerial
 .text.sendString
                0x00003898       0x24 src/main.o
                0x00003898                sendString
 .text.testUsart
                0x000038bc      0x1ca src/main.o
 .text.receiveChar
                0x00003a86       0x10 src/main.o
                0x00003a86                receiveChar
 .text.testRead
                0x00003a96       0x1a src/main.o
 .text.main     0x00003ab0      0x204 src/main.o
                0x00003ab0                main
 .text.libgcc.div
                0x00003cb4       0x44 e:/atmel studio/7.0/toolchain/avr8/avr8-gnu-toolchain/bin/../lib/gcc/avr/4.9.2/avrxmega6\libgcc.a(_udivmodsi4.o)
                0x00003cb4                __udivmodsi4
 .text.libgcc   0x00003cf8       0x10 e:/atmel studio/7.0/toolchain/avr8/avr8-gnu-toolchain/bin/../lib/gcc/avr/4.9.2/avrxmega6\libgcc.a(_tablejump2.o)
                0x00003cf8                __tablejump2__
 .text.avr-libc
                0x00003d08       0x12 e:/atmel studio/7.0/toolchain/avr8/avr8-gnu-toolchain/bin/../lib/gcc/avr/4.9.2/../../../../avr/lib/avrxmega6\libc.a(memcpy.o)
                0x00003d08                memcpy
 .text.avr-libc
                0x00003d1a       0x6c e:/atmel studio/7.0/toolchain/avr8/avr8-gnu-toolchain/bin/../lib/gcc/avr/4.9.2/../../../../avr/lib/avrxmega6\libc.a(snprintf.o)
                0x00003d1a                snprintf
 .text.avr-libc
                0x00003d86      0x3d0 e:/atmel studio/7.0/toolchain/avr8/avr8-gnu-toolchain/bin/../lib/gcc/avr/4.9.2/../../../../avr/lib/avrxmega6\libc.a(vfprintf_std.o)
                0x00003d86                vfprintf
 .text.avr-libc
                0x00004156       0x16 e:/atmel studio/7.0/toolchain/avr8/avr8-gnu-toolchain/bin/../lib/gcc/avr/4.9.2/../../../../avr/lib/avrxmega6\libc.a(strnlen_P.o)
                0x00004156                strnlen_P
 .text.avr-libc
                0x0000416c       0x16 e:/atmel studio/7.0/toolchain/avr8/avr8-gnu-toolchain/bin/../lib/gcc/avr/4.9.2/../../../../avr/lib/avrxmega6\libc.a(strnlen.o)
                0x0000416c                strnlen
 .text.avr-libc
                0x00004182       0x70 e:/atmel studio/7.0/toolchain/avr8/avr8-gnu-toolchain/bin/../lib/gcc/avr/4.9.2/../../../../avr/lib/avrxmega6\libc.a(fputc.o)
                0x00004182                fputc
 .text.avr-libc
                0x000041f2       0xbc e:/atmel studio/7.0/toolchain/avr8/avr8-gnu-toolchain/bin/../lib/gcc/avr/4.9.2/../../../../avr/lib/avrxmega6\libc.a(ultoa_invert.o)
                0x000041f2                __ultoa_invert
                0x000042ae                . = ALIGN (0x2)
 *(.fini9)
 .fini9         0x000042ae        0x0 e:/atmel studio/7.0/toolchain/avr8/avr8-gnu-toolchain/bin/../lib/gcc/avr/4.9.2/avrxmega6\libgcc.a(_exit.o)
                0x000042ae                _exit
                0x000042ae                exit
 *(.fini9)
 *(.fini8)
 *(.fini8)
 *(.fini7)
 *(.fini7)
 *(.fini6)
 *(.fini6)
 *(.fini5)
 *(.fini5)
 *(.fini4)
 *(.fini4)
 *(.fini3)
 *(.fini3)
 *(.fini2)
 *(.fini2)
 *(.fini1)
 *(.fini1)
 *(.fini0)
 .fini0         0x000042ae        0x4 e:/atmel studio/7.0/toolchain/avr8/avr8-gnu-toolchain/bin/../lib/gcc/avr/4.9.2/avrxmega6\libgcc.a(_exit.o)
 *(.fini0)
                0x000042b2                _etext = .

.data           0x00802000      0x1e8 load address 0x000042b2
                0x00802000                PROVIDE (__data_start, .)
 *(.data)
 *(.data*)
 .data.sysfont  0x00802000        0x7 src/ASF/common/services/gfx_mono/sysfont.o
                0x00802000                sysfont
 .data.USART_SERIAL_OPTIONS.6273
                0x00802007        0x7 src/main.o
 *(.rodata)
 *(.rodata*)
 .rodata.str1.1
                0x0080200e        0x5 src/FreeRTOS/tasks.o
 .rodata.str1.1
                0x00802013        0x8 src/FreeRTOS/timers.o
 .rodata.str1.1
                0x0080201b      0x1cc src/main.o
                                0x1cd (size before relaxing)
 *(.gnu.linkonce.d*)
                0x008021e8                . = ALIGN (0x2)
 *fill*         0x008021e7        0x1 
                0x008021e8                _edata = .
                0x008021e8                PROVIDE (__data_end, .)

.bss            0x008021e8     0x3eca
                0x008021e8                PROVIDE (__bss_start, .)
 *(.bss)
 *(.bss*)
 .bss.framebuffer
                0x008021e8      0x200 src/ASF/common/services/gfx_mono/gfx_mono_c12832_a1z.o
 .bss.fbpointer
                0x008023e8        0x2 src/ASF/common/services/gfx_mono/gfx_mono_framebuffer.o
 .bss.adcb_enable_count
                0x008023ea        0x1 src/ASF/xmega/drivers/adc/adc.o
 .bss.adca_enable_count
                0x008023eb        0x1 src/ASF/xmega/drivers/adc/adc.o
 .bss.xBlockAllocatedBit
                0x008023ec        0x2 src/FreeRTOS/portable/MemMang/heap_4.o
 .bss.xMinimumEverFreeBytesRemaining
                0x008023ee        0x2 src/FreeRTOS/portable/MemMang/heap_4.o
 .bss.xFreeBytesRemaining
                0x008023f0        0x2 src/FreeRTOS/portable/MemMang/heap_4.o
 .bss.pxEnd     0x008023f2        0x2 src/FreeRTOS/portable/MemMang/heap_4.o
 .bss.xStart    0x008023f4        0x4 src/FreeRTOS/portable/MemMang/heap_4.o
 .bss.ucHeap    0x008023f8     0x3a98 src/FreeRTOS/portable/MemMang/heap_4.o
 .bss.uxSchedulerSuspended
                0x00805e90        0x1 src/FreeRTOS/tasks.o
 .bss.xNextTaskUnblockTime
                0x00805e91        0x2 src/FreeRTOS/tasks.o
 .bss.uxTaskNumber
                0x00805e93        0x1 src/FreeRTOS/tasks.o
 .bss.xNumOfOverflows
                0x00805e94        0x1 src/FreeRTOS/tasks.o
 .bss.xYieldPending
                0x00805e95        0x1 src/FreeRTOS/tasks.o
 .bss.uxPendedTicks
                0x00805e96        0x1 src/FreeRTOS/tasks.o
 .bss.xSchedulerRunning
                0x00805e97        0x1 src/FreeRTOS/tasks.o
 .bss.uxTopReadyPriority
                0x00805e98        0x1 src/FreeRTOS/tasks.o
 .bss.xTickCount
                0x00805e99        0x2 src/FreeRTOS/tasks.o
 .bss.uxCurrentNumberOfTasks
                0x00805e9b        0x1 src/FreeRTOS/tasks.o
 .bss.xPendingReadyList
                0x00805e9c        0x9 src/FreeRTOS/tasks.o
 .bss.pxOverflowDelayedTaskList
                0x00805ea5        0x2 src/FreeRTOS/tasks.o
 .bss.pxDelayedTaskList
                0x00805ea7        0x2 src/FreeRTOS/tasks.o
 .bss.xDelayedTaskList2
                0x00805ea9        0x9 src/FreeRTOS/tasks.o
 .bss.xDelayedTaskList1
                0x00805eb2        0x9 src/FreeRTOS/tasks.o
 .bss.pxReadyTasksLists
                0x00805ebb       0x2d src/FreeRTOS/tasks.o
 .bss.pxCurrentTCB
                0x00805ee8        0x2 src/FreeRTOS/tasks.o
                0x00805ee8                pxCurrentTCB
 .bss.xLastTime.4281
                0x00805eea        0x2 src/FreeRTOS/timers.o
 .bss.xTimerQueue
                0x00805eec        0x2 src/FreeRTOS/timers.o
 .bss.pxOverflowTimerList
                0x00805eee        0x2 src/FreeRTOS/timers.o
 .bss.pxCurrentTimerList
                0x00805ef0        0x2 src/FreeRTOS/timers.o
 .bss.xActiveTimerList2
                0x00805ef2        0x9 src/FreeRTOS/timers.o
 .bss.xActiveTimerList1
                0x00805efb        0x9 src/FreeRTOS/timers.o
 .bss.increment
                0x00805f04        0x4 src/main.o
                0x00805f04                increment
 .bss.heap      0x00805f08        0x2 src/main.o
                0x00805f08                heap
 .bss.qtouchtest
                0x00805f0a        0x2 src/main.o
                0x00805f0a                qtouchtest
 .bss.servotest
                0x00805f0c        0x2 src/main.o
                0x00805f0c                servotest
 .bss.potensiotest
                0x00805f0e        0x2 src/main.o
                0x00805f0e                potensiotest
 .bss.command   0x00805f10        0x2 src/main.o
                0x00805f10                command
 .bss.result2   0x00805f12        0x2 src/main.o
                0x00805f12                result2
 .bss.result    0x00805f14        0x2 src/main.o
                0x00805f14                result
 .bss.sendbuff  0x00805f16       0xc9 src/main.o
 .bss.strbuf    0x00805fdf       0xc9 src/main.o
 *(COMMON)
 COMMON         0x008060a8        0x6 src/ASF/common/services/sleepmgr/xmega/sleepmgr.o
                0x008060a8                sleepmgr_locks
 COMMON         0x008060ae        0x4 src/ASF/xmega/drivers/adc/adc.o
                0x008060ae                adcb_callback
                0x008060b0                adca_callback
                0x008060b2                PROVIDE (__bss_end, .)
                0x000042b2                __data_load_start = LOADADDR (.data)
                0x0000449a                __data_load_end = (__data_load_start + SIZEOF (.data))

.noinit         0x008060b2        0x0
                [!provide]                PROVIDE (__noinit_start, .)
 *(.noinit*)
                [!provide]                PROVIDE (__noinit_end, .)
                0x008060b2                _end = .
                [!provide]                PROVIDE (__heap_start, .)

.eeprom         0x00810000        0x0
 *(.eeprom*)
                0x00810000                __eeprom_end = .

.fuse
 *(.fuse)
 *(.lfuse)
 *(.hfuse)
 *(.efuse)

.lock
 *(.lock*)

.signature
 *(.signature*)

.user_signatures
 *(.user_signatures*)

.stab
 *(.stab)

.stabstr
 *(.stabstr)

.stab.excl
 *(.stab.excl)

.stab.exclstr
 *(.stab.exclstr)

.stab.index
 *(.stab.index)

.stab.indexstr
 *(.stab.indexstr)

.comment        0x00000000       0x5c
 *(.comment)
 .comment       0x00000000       0x30 src/ASF/common/components/display/st7565r/st7565r.o
                                 0x31 (size before relaxing)
 .comment       0x00000030       0x31 src/ASF/common/services/clock/xmega/sysclk.o
 .comment       0x00000030       0x31 src/ASF/common/services/gfx_mono/gfx_mono_c12832_a1z.o
 .comment       0x00000030       0x31 src/ASF/common/services/gfx_mono/gfx_mono_framebuffer.o
 .comment       0x00000030       0x31 src/ASF/common/services/gfx_mono/gfx_mono_generic.o
 .comment       0x00000030       0x31 src/ASF/common/services/gfx_mono/gfx_mono_text.o
 .comment       0x00000030       0x31 src/ASF/common/services/gfx_mono/sysfont.o
 .comment       0x00000030       0x31 src/ASF/common/services/sleepmgr/xmega/sleepmgr.o
 .comment       0x00000030       0x31 src/ASF/common/services/spi/xmega_usart_spi/usart_spi.o
 .comment       0x00000030       0x31 src/ASF/xmega/drivers/adc/adc.o
 .comment       0x00000030       0x31 src/ASF/xmega/drivers/adc/xmega_aau/adc_aau.o
 .comment       0x00000030       0x31 src/ASF/xmega/drivers/usart/usart.o
 .comment       0x00000030       0x31 src/FreeRTOS/list.o
 .comment       0x00000030       0x31 src/FreeRTOS/portable/GCC/ATXmega256A3BU/port.o
 .comment       0x00000030       0x31 src/FreeRTOS/portable/MemMang/heap_4.o
 .comment       0x00000030       0x31 src/FreeRTOS/queue.o
 .comment       0x00000030       0x31 src/FreeRTOS/tasks.o
 .comment       0x00000030       0x31 src/FreeRTOS/timers.o
 .comment       0x00000030       0x31 src/ASF/common/services/ioport/xmega/ioport_compat.o
 .comment       0x00000030       0x31 src/ASF/xmega/boards/xmega_a3bu_xplained/init.o
 .comment       0x00000030       0x31 src/main.o
 .comment       0x00000030       0x31 e:/atmel studio/7.0/toolchain/avr8/avr8-gnu-toolchain/bin/../lib/gcc/avr/4.9.2/../../../../avr/lib/avrxmega6\libc.a(snprintf.o)
 .comment       0x00000030       0x2c e:/atmel studio/7.0/toolchain/avr8/avr8-gnu-toolchain/bin/../lib/gcc/avr/4.9.2/../../../../avr/lib/avrxmega6\libc.a(vfprintf_std.o)
                                 0x2d (size before relaxing)
 .comment       0x0000005c       0x31 e:/atmel studio/7.0/toolchain/avr8/avr8-gnu-toolchain/bin/../lib/gcc/avr/4.9.2/../../../../avr/lib/avrxmega6\libc.a(fputc.o)

.note.gnu.avr.deviceinfo
                0x00000000       0x44
 .note.gnu.avr.deviceinfo
                0x00000000       0x44 E:/Atmel Studio/7.0/Packs/atmel/XMEGAA_DFP/1.0.39/gcc/dev/atxmega256a3bu/avrxmega6/crtatxmega256a3bu.o

.note.gnu.build-id
 *(.note.gnu.build-id)

.debug
 *(.debug)

.line
 *(.line)

.debug_srcinfo
 *(.debug_srcinfo)

.debug_sfnames
 *(.debug_sfnames)

.debug_aranges  0x00000000      0x720
 *(.debug_aranges)
 .debug_aranges
                0x00000000       0x20 src/ASF/common/components/display/st7565r/st7565r.o
 .debug_aranges
                0x00000020       0x40 src/ASF/common/services/clock/xmega/sysclk.o
 .debug_aranges
                0x00000060       0x60 src/ASF/common/services/gfx_mono/gfx_mono_c12832_a1z.o
 .debug_aranges
                0x000000c0       0x58 src/ASF/common/services/gfx_mono/gfx_mono_framebuffer.o
 .debug_aranges
                0x00000118       0x58 src/ASF/common/services/gfx_mono/gfx_mono_generic.o
 .debug_aranges
                0x00000170       0x40 src/ASF/common/services/gfx_mono/gfx_mono_text.o
 .debug_aranges
                0x000001b0       0x18 src/ASF/common/services/gfx_mono/sysfont.o
 .debug_aranges
                0x000001c8       0x18 src/ASF/common/services/sleepmgr/xmega/sleepmgr.o
 .debug_aranges
                0x000001e0       0x48 src/ASF/common/services/spi/xmega_usart_spi/usart_spi.o
 .debug_aranges
                0x00000228       0x48 src/ASF/xmega/drivers/adc/adc.o
 .debug_aranges
                0x00000270       0x78 src/ASF/xmega/drivers/adc/xmega_aau/adc_aau.o
 .debug_aranges
                0x000002e8       0x28 src/ASF/xmega/drivers/nvm/nvm_asm.o
 .debug_aranges
                0x00000310       0x58 src/ASF/xmega/drivers/usart/usart.o
 .debug_aranges
                0x00000368       0x40 src/FreeRTOS/list.o
 .debug_aranges
                0x000003a8       0x38 src/FreeRTOS/portable/GCC/ATXmega256A3BU/port.o
 .debug_aranges
                0x000003e0       0x48 src/FreeRTOS/portable/MemMang/heap_4.o
 .debug_aranges
                0x00000428       0xa8 src/FreeRTOS/queue.o
 .debug_aranges
                0x000004d0      0x108 src/FreeRTOS/tasks.o
 .debug_aranges
                0x000005d8       0x70 src/FreeRTOS/timers.o
 .debug_aranges
                0x00000648       0x20 src/ASF/common/services/ioport/xmega/ioport_compat.o
 .debug_aranges
                0x00000668       0x20 src/ASF/xmega/boards/xmega_a3bu_xplained/init.o
 .debug_aranges
                0x00000688       0x98 src/main.o

.debug_pubnames
 *(.debug_pubnames)

.debug_info     0x00000000    0x12b0c
 *(.debug_info .gnu.linkonce.wi.*)
 .debug_info    0x00000000     0x188a src/ASF/common/components/display/st7565r/st7565r.o
 .debug_info    0x0000188a      0x705 src/ASF/common/services/clock/xmega/sysclk.o
 .debug_info    0x00001f8f     0x1d87 src/ASF/common/services/gfx_mono/gfx_mono_c12832_a1z.o
 .debug_info    0x00003d16      0x499 src/ASF/common/services/gfx_mono/gfx_mono_framebuffer.o
 .debug_info    0x000041af      0xc60 src/ASF/common/services/gfx_mono/gfx_mono_generic.o
 .debug_info    0x00004e0f      0x741 src/ASF/common/services/gfx_mono/gfx_mono_text.o
 .debug_info    0x00005550      0x1a6 src/ASF/common/services/gfx_mono/sysfont.o
 .debug_info    0x000056f6      0x121 src/ASF/common/services/sleepmgr/xmega/sleepmgr.o
 .debug_info    0x00005817      0xbd0 src/ASF/common/services/spi/xmega_usart_spi/usart_spi.o
 .debug_info    0x000063e7      0xaad src/ASF/xmega/drivers/adc/adc.o
 .debug_info    0x00006e94      0xec2 src/ASF/xmega/drivers/adc/xmega_aau/adc_aau.o
 .debug_info    0x00007d56       0xa4 src/ASF/xmega/drivers/nvm/nvm_asm.o
 .debug_info    0x00007dfa     0x2d09 src/ASF/xmega/drivers/usart/usart.o
 .debug_info    0x0000ab03      0x2d1 src/FreeRTOS/list.o
 .debug_info    0x0000add4      0x9ec src/FreeRTOS/portable/GCC/ATXmega256A3BU/port.o
 .debug_info    0x0000b7c0      0x3a1 src/FreeRTOS/portable/MemMang/heap_4.o
 .debug_info    0x0000bb61     0x102a src/FreeRTOS/queue.o
 .debug_info    0x0000cb8b     0x16be src/FreeRTOS/tasks.o
 .debug_info    0x0000e249     0x1021 src/FreeRTOS/timers.o
 .debug_info    0x0000f26a      0x11d src/ASF/common/services/ioport/xmega/ioport_compat.o
 .debug_info    0x0000f387      0xa6d src/ASF/xmega/boards/xmega_a3bu_xplained/init.o
 .debug_info    0x0000fdf4     0x2d18 src/main.o

.debug_abbrev   0x00000000     0x3229
 *(.debug_abbrev)
 .debug_abbrev  0x00000000      0x290 src/ASF/common/components/display/st7565r/st7565r.o
 .debug_abbrev  0x00000290      0x25b src/ASF/common/services/clock/xmega/sysclk.o
 .debug_abbrev  0x000004eb      0x39f src/ASF/common/services/gfx_mono/gfx_mono_c12832_a1z.o
 .debug_abbrev  0x0000088a      0x19a src/ASF/common/services/gfx_mono/gfx_mono_framebuffer.o
 .debug_abbrev  0x00000a24      0x1d8 src/ASF/common/services/gfx_mono/gfx_mono_generic.o
 .debug_abbrev  0x00000bfc      0x233 src/ASF/common/services/gfx_mono/gfx_mono_text.o
 .debug_abbrev  0x00000e2f       0xe0 src/ASF/common/services/gfx_mono/sysfont.o
 .debug_abbrev  0x00000f0f       0x80 src/ASF/common/services/sleepmgr/xmega/sleepmgr.o
 .debug_abbrev  0x00000f8f      0x2ed src/ASF/common/services/spi/xmega_usart_spi/usart_spi.o
 .debug_abbrev  0x0000127c      0x2b9 src/ASF/xmega/drivers/adc/adc.o
 .debug_abbrev  0x00001535      0x32a src/ASF/xmega/drivers/adc/xmega_aau/adc_aau.o
 .debug_abbrev  0x0000185f       0x12 src/ASF/xmega/drivers/nvm/nvm_asm.o
 .debug_abbrev  0x00001871      0x3df src/ASF/xmega/drivers/usart/usart.o
 .debug_abbrev  0x00001c50       0xfb src/FreeRTOS/list.o
 .debug_abbrev  0x00001d4b      0x1e1 src/FreeRTOS/portable/GCC/ATXmega256A3BU/port.o
 .debug_abbrev  0x00001f2c      0x20b src/FreeRTOS/portable/MemMang/heap_4.o
 .debug_abbrev  0x00002137      0x2d0 src/FreeRTOS/queue.o
 .debug_abbrev  0x00002407      0x35b src/FreeRTOS/tasks.o
 .debug_abbrev  0x00002762      0x360 src/FreeRTOS/timers.o
 .debug_abbrev  0x00002ac2       0x93 src/ASF/common/services/ioport/xmega/ioport_compat.o
 .debug_abbrev  0x00002b55      0x160 src/ASF/xmega/boards/xmega_a3bu_xplained/init.o
 .debug_abbrev  0x00002cb5      0x574 src/main.o

.debug_line     0x00000000     0xb282
 *(.debug_line .debug_line.* .debug_line_end)
 .debug_line    0x00000000      0xa50 src/ASF/common/components/display/st7565r/st7565r.o
 .debug_line    0x00000a50      0x5b8 src/ASF/common/services/clock/xmega/sysclk.o
 .debug_line    0x00001008      0xd7b src/ASF/common/services/gfx_mono/gfx_mono_c12832_a1z.o
 .debug_line    0x00001d83      0x8ec src/ASF/common/services/gfx_mono/gfx_mono_framebuffer.o
 .debug_line    0x0000266f      0xbdf src/ASF/common/services/gfx_mono/gfx_mono_generic.o
 .debug_line    0x0000324e      0x96a src/ASF/common/services/gfx_mono/gfx_mono_text.o
 .debug_line    0x00003bb8      0x772 src/ASF/common/services/gfx_mono/sysfont.o
 .debug_line    0x0000432a      0x407 src/ASF/common/services/sleepmgr/xmega/sleepmgr.o
 .debug_line    0x00004731      0x79e src/ASF/common/services/spi/xmega_usart_spi/usart_spi.o
 .debug_line    0x00004ecf      0x739 src/ASF/xmega/drivers/adc/adc.o
 .debug_line    0x00005608      0x91f src/ASF/xmega/drivers/adc/xmega_aau/adc_aau.o
 .debug_line    0x00005f27      0x11f src/ASF/xmega/drivers/nvm/nvm_asm.o
 .debug_line    0x00006046      0xc4d src/ASF/xmega/drivers/usart/usart.o
 .debug_line    0x00006c93      0x3f2 src/FreeRTOS/list.o
 .debug_line    0x00007085      0x47c src/FreeRTOS/portable/GCC/ATXmega256A3BU/port.o
 .debug_line    0x00007501      0x4e4 src/FreeRTOS/portable/MemMang/heap_4.o
 .debug_line    0x000079e5      0x9ab src/FreeRTOS/queue.o
 .debug_line    0x00008390      0xdce src/FreeRTOS/tasks.o
 .debug_line    0x0000915e      0x68f src/FreeRTOS/timers.o
 .debug_line    0x000097ed      0x464 src/ASF/common/services/ioport/xmega/ioport_compat.o
 .debug_line    0x00009c51      0x48f src/ASF/xmega/boards/xmega_a3bu_xplained/init.o
 .debug_line    0x0000a0e0     0x11a2 src/main.o

.debug_frame    0x00000000     0x1850
 *(.debug_frame)
 .debug_frame   0x00000000       0x58 src/ASF/common/components/display/st7565r/st7565r.o
 .debug_frame   0x00000058       0x64 src/ASF/common/services/clock/xmega/sysclk.o
 .debug_frame   0x000000bc      0x1b4 src/ASF/common/services/gfx_mono/gfx_mono_c12832_a1z.o
 .debug_frame   0x00000270       0xd0 src/ASF/common/services/gfx_mono/gfx_mono_framebuffer.o
 .debug_frame   0x00000340      0x21c src/ASF/common/services/gfx_mono/gfx_mono_generic.o
 .debug_frame   0x0000055c      0x100 src/ASF/common/services/gfx_mono/gfx_mono_text.o
 .debug_frame   0x0000065c       0x90 src/ASF/common/services/spi/xmega_usart_spi/usart_spi.o
 .debug_frame   0x000006ec       0x8c src/ASF/xmega/drivers/adc/adc.o
 .debug_frame   0x00000778      0x3a4 src/ASF/xmega/drivers/adc/xmega_aau/adc_aau.o
 .debug_frame   0x00000b1c      0x154 src/ASF/xmega/drivers/usart/usart.o
 .debug_frame   0x00000c70       0x88 src/FreeRTOS/list.o
 .debug_frame   0x00000cf8       0x60 src/FreeRTOS/portable/GCC/ATXmega256A3BU/port.o
 .debug_frame   0x00000d58       0xb4 src/FreeRTOS/portable/MemMang/heap_4.o
 .debug_frame   0x00000e0c      0x23c src/FreeRTOS/queue.o
 .debug_frame   0x00001048      0x3d8 src/FreeRTOS/tasks.o
 .debug_frame   0x00001420      0x180 src/FreeRTOS/timers.o
 .debug_frame   0x000015a0       0x30 src/ASF/common/services/ioport/xmega/ioport_compat.o
 .debug_frame   0x000015d0       0x24 src/ASF/xmega/boards/xmega_a3bu_xplained/init.o
 .debug_frame   0x000015f4      0x25c src/main.o

.debug_str      0x00000000    0x35915
 *(.debug_str)
 .debug_str     0x00000000    0x290d4 src/ASF/common/components/display/st7565r/st7565r.o
                              0x29954 (size before relaxing)
 .debug_str     0x000290d4      0x3a9 src/ASF/common/services/clock/xmega/sysclk.o
                              0x287aa (size before relaxing)
 .debug_str     0x0002947d      0xc05 src/ASF/common/services/gfx_mono/gfx_mono_c12832_a1z.o
                              0x2a255 (size before relaxing)
 .debug_str     0x0002a082       0xba src/ASF/common/services/gfx_mono/gfx_mono_framebuffer.o
                              0x29e70 (size before relaxing)
 .debug_str     0x0002a13c      0x225 src/ASF/common/services/gfx_mono/gfx_mono_generic.o
                              0x29fb3 (size before relaxing)
 .debug_str     0x0002a361      0x233 src/ASF/common/services/gfx_mono/gfx_mono_text.o
                              0x29f58 (size before relaxing)
 .debug_str     0x0002a594     0x10b0 src/ASF/common/services/gfx_mono/sysfont.o
                              0x2ada4 (size before relaxing)
 .debug_str     0x0002b644      0x3d4 src/ASF/common/services/sleepmgr/xmega/sleepmgr.o
                              0x263a7 (size before relaxing)
 .debug_str     0x0002ba18      0x1d1 src/ASF/common/services/spi/xmega_usart_spi/usart_spi.o
                              0x28fa0 (size before relaxing)
 .debug_str     0x0002bbe9      0x905 src/ASF/xmega/drivers/adc/adc.o
                              0x290eb (size before relaxing)
 .debug_str     0x0002c4ee      0x57e src/ASF/xmega/drivers/adc/xmega_aau/adc_aau.o
                              0x2934a (size before relaxing)
 .debug_str     0x0002ca6c      0x95a src/ASF/xmega/drivers/usart/usart.o
                              0x29adf (size before relaxing)
 .debug_str     0x0002d3c6     0x2d3b src/FreeRTOS/list.o
                              0x1bab3 (size before relaxing)
 .debug_str     0x00030101     0x16bc src/FreeRTOS/portable/GCC/ATXmega256A3BU/port.o
                              0x1d55f (size before relaxing)
 .debug_str     0x000317bd      0x2a7 src/FreeRTOS/portable/MemMang/heap_4.o
                              0x1c383 (size before relaxing)
 .debug_str     0x00031a64     0x11d9 src/FreeRTOS/queue.o
                              0x1d45b (size before relaxing)
 .debug_str     0x00032c3d     0x13b5 src/FreeRTOS/tasks.o
                              0x1d976 (size before relaxing)
 .debug_str     0x00033ff2      0x396 src/FreeRTOS/timers.o
                              0x1d992 (size before relaxing)
 .debug_str     0x00034388       0x77 src/ASF/common/services/ioport/xmega/ioport_compat.o
                              0x2665e (size before relaxing)
 .debug_str     0x000343ff       0xf7 src/ASF/xmega/boards/xmega_a3bu_xplained/init.o
                              0x280e3 (size before relaxing)
 .debug_str     0x000344f6     0x141f src/main.o
                              0x312d5 (size before relaxing)

.debug_loc      0x00000000     0x9eb1
 *(.debug_loc)
 .debug_loc     0x00000000      0x113 src/ASF/common/components/display/st7565r/st7565r.o
 .debug_loc     0x00000113      0x1ff src/ASF/common/services/clock/xmega/sysclk.o
 .debug_loc     0x00000312      0xde0 src/ASF/common/services/gfx_mono/gfx_mono_c12832_a1z.o
 .debug_loc     0x000010f2      0x62c src/ASF/common/services/gfx_mono/gfx_mono_framebuffer.o
 .debug_loc     0x0000171e     0x1193 src/ASF/common/services/gfx_mono/gfx_mono_generic.o
 .debug_loc     0x000028b1      0x997 src/ASF/common/services/gfx_mono/gfx_mono_text.o
 .debug_loc     0x00003248      0x58a src/ASF/common/services/spi/xmega_usart_spi/usart_spi.o
 .debug_loc     0x000037d2      0x216 src/ASF/xmega/drivers/adc/adc.o
 .debug_loc     0x000039e8      0xd66 src/ASF/xmega/drivers/adc/xmega_aau/adc_aau.o
 .debug_loc     0x0000474e     0x106a src/ASF/xmega/drivers/usart/usart.o
 .debug_loc     0x000057b8      0x145 src/FreeRTOS/list.o
 .debug_loc     0x000058fd      0x2b0 src/FreeRTOS/portable/GCC/ATXmega256A3BU/port.o
 .debug_loc     0x00005bad      0x39f src/FreeRTOS/portable/MemMang/heap_4.o
 .debug_loc     0x00005f4c     0x1178 src/FreeRTOS/queue.o
 .debug_loc     0x000070c4     0x1974 src/FreeRTOS/tasks.o
 .debug_loc     0x00008a38      0xbd6 src/FreeRTOS/timers.o
 .debug_loc     0x0000960e       0x66 src/ASF/common/services/ioport/xmega/ioport_compat.o
 .debug_loc     0x00009674      0x83d src/main.o

.debug_macinfo
 *(.debug_macinfo)

.debug_weaknames
 *(.debug_weaknames)

.debug_funcnames
 *(.debug_funcnames)

.debug_typenames
 *(.debug_typenames)

.debug_varnames
 *(.debug_varnames)

.debug_pubtypes
 *(.debug_pubtypes)

.debug_ranges   0x00000000      0x928
 *(.debug_ranges)
 .debug_ranges  0x00000000       0x10 src/ASF/common/components/display/st7565r/st7565r.o
 .debug_ranges  0x00000010       0x30 src/ASF/common/services/clock/xmega/sysclk.o
 .debug_ranges  0x00000040      0x188 src/ASF/common/services/gfx_mono/gfx_mono_c12832_a1z.o
 .debug_ranges  0x000001c8       0x48 src/ASF/common/services/gfx_mono/gfx_mono_framebuffer.o
 .debug_ranges  0x00000210       0x48 src/ASF/common/services/gfx_mono/gfx_mono_generic.o
 .debug_ranges  0x00000258       0x30 src/ASF/common/services/gfx_mono/gfx_mono_text.o
 .debug_ranges  0x00000288       0x98 src/ASF/common/services/spi/xmega_usart_spi/usart_spi.o
 .debug_ranges  0x00000320       0x38 src/ASF/xmega/drivers/adc/adc.o
 .debug_ranges  0x00000358       0x68 src/ASF/xmega/drivers/adc/xmega_aau/adc_aau.o
 .debug_ranges  0x000003c0       0x20 src/ASF/xmega/drivers/nvm/nvm_asm.o
 .debug_ranges  0x000003e0       0x80 src/ASF/xmega/drivers/usart/usart.o
 .debug_ranges  0x00000460       0x30 src/FreeRTOS/list.o
 .debug_ranges  0x00000490       0x28 src/FreeRTOS/portable/GCC/ATXmega256A3BU/port.o
 .debug_ranges  0x000004b8       0x38 src/FreeRTOS/portable/MemMang/heap_4.o
 .debug_ranges  0x000004f0       0x98 src/FreeRTOS/queue.o
 .debug_ranges  0x00000588      0x158 src/FreeRTOS/tasks.o
 .debug_ranges  0x000006e0       0xb0 src/FreeRTOS/timers.o
 .debug_ranges  0x00000790       0x10 src/ASF/common/services/ioport/xmega/ioport_compat.o
 .debug_ranges  0x000007a0       0x10 src/ASF/xmega/boards/xmega_a3bu_xplained/init.o
 .debug_ranges  0x000007b0      0x178 src/main.o

.debug_macro    0x00000000     0xc88e
 *(.debug_macro)
 .debug_macro   0x00000000      0x276 src/ASF/common/components/display/st7565r/st7565r.o
 .debug_macro   0x00000276      0xa9c src/ASF/common/components/display/st7565r/st7565r.o
 .debug_macro   0x00000d12       0x10 src/ASF/common/components/display/st7565r/st7565r.o
 .debug_macro   0x00000d22      0x1c9 src/ASF/common/components/display/st7565r/st7565r.o
 .debug_macro   0x00000eeb      0x2fc src/ASF/common/components/display/st7565r/st7565r.o
 .debug_macro   0x000011e7       0x9e src/ASF/common/components/display/st7565r/st7565r.o
 .debug_macro   0x00001285     0x5e65 src/ASF/common/components/display/st7565r/st7565r.o
 .debug_macro   0x000070ea       0x9a src/ASF/common/components/display/st7565r/st7565r.o
 .debug_macro   0x00007184       0xf1 src/ASF/common/components/display/st7565r/st7565r.o
 .debug_macro   0x00007275       0x34 src/ASF/common/components/display/st7565r/st7565r.o
 .debug_macro   0x000072a9       0x10 src/ASF/common/components/display/st7565r/st7565r.o
 .debug_macro   0x000072b9       0x18 src/ASF/common/components/display/st7565r/st7565r.o
 .debug_macro   0x000072d1       0x5e src/ASF/common/components/display/st7565r/st7565r.o
 .debug_macro   0x0000732f       0x10 src/ASF/common/components/display/st7565r/st7565r.o
 .debug_macro   0x0000733f       0x22 src/ASF/common/components/display/st7565r/st7565r.o
 .debug_macro   0x00007361      0x166 src/ASF/common/components/display/st7565r/st7565r.o
 .debug_macro   0x000074c7       0x1c src/ASF/common/components/display/st7565r/st7565r.o
 .debug_macro   0x000074e3       0x35 src/ASF/common/components/display/st7565r/st7565r.o
 .debug_macro   0x00007518       0x66 src/ASF/common/components/display/st7565r/st7565r.o
 .debug_macro   0x0000757e      0x4d1 src/ASF/common/components/display/st7565r/st7565r.o
 .debug_macro   0x00007a4f       0x97 src/ASF/common/components/display/st7565r/st7565r.o
 .debug_macro   0x00007ae6       0x17 src/ASF/common/components/display/st7565r/st7565r.o
 .debug_macro   0x00007afd      0x250 src/ASF/common/components/display/st7565r/st7565r.o
 .debug_macro   0x00007d4d       0x76 src/ASF/common/components/display/st7565r/st7565r.o
 .debug_macro   0x00007dc3       0x16 src/ASF/common/components/display/st7565r/st7565r.o
 .debug_macro   0x00007dd9      0x6e3 src/ASF/common/components/display/st7565r/st7565r.o
 .debug_macro   0x000084bc       0x10 src/ASF/common/components/display/st7565r/st7565r.o
 .debug_macro   0x000084cc      0x175 src/ASF/common/components/display/st7565r/st7565r.o
 .debug_macro   0x00008641       0x40 src/ASF/common/components/display/st7565r/st7565r.o
 .debug_macro   0x00008681       0x69 src/ASF/common/components/display/st7565r/st7565r.o
 .debug_macro   0x000086ea       0x32 src/ASF/common/components/display/st7565r/st7565r.o
 .debug_macro   0x0000871c       0xe4 src/ASF/common/components/display/st7565r/st7565r.o
 .debug_macro   0x00008800       0x22 src/ASF/common/components/display/st7565r/st7565r.o
 .debug_macro   0x00008822      0x248 src/ASF/common/components/display/st7565r/st7565r.o
 .debug_macro   0x00008a6a      0x303 src/ASF/common/components/display/st7565r/st7565r.o
 .debug_macro   0x00008d6d       0x7d src/ASF/common/components/display/st7565r/st7565r.o
 .debug_macro   0x00008dea       0x2f src/ASF/common/components/display/st7565r/st7565r.o
 .debug_macro   0x00008e19      0x154 src/ASF/common/components/display/st7565r/st7565r.o
 .debug_macro   0x00008f6d       0x82 src/ASF/common/components/display/st7565r/st7565r.o
 .debug_macro   0x00008fef      0x109 src/ASF/common/components/display/st7565r/st7565r.o
 .debug_macro   0x000090f8       0x28 src/ASF/common/components/display/st7565r/st7565r.o
 .debug_macro   0x00009120       0x23 src/ASF/common/components/display/st7565r/st7565r.o
 .debug_macro   0x00009143       0x3a src/ASF/common/components/display/st7565r/st7565r.o
 .debug_macro   0x0000917d      0x100 src/ASF/common/components/display/st7565r/st7565r.o
 .debug_macro   0x0000927d       0x34 src/ASF/common/components/display/st7565r/st7565r.o
 .debug_macro   0x000092b1       0x2e src/ASF/common/components/display/st7565r/st7565r.o
 .debug_macro   0x000092df      0x1db src/ASF/common/services/clock/xmega/sysclk.o
 .debug_macro   0x000094ba       0x26 src/ASF/common/services/clock/xmega/sysclk.o
 .debug_macro   0x000094e0      0x2ba src/ASF/common/services/gfx_mono/gfx_mono_c12832_a1z.o
 .debug_macro   0x0000979a       0x7a src/ASF/common/services/gfx_mono/gfx_mono_c12832_a1z.o
 .debug_macro   0x00009814       0x89 src/ASF/common/services/gfx_mono/gfx_mono_c12832_a1z.o
 .debug_macro   0x0000989d      0x2ae src/ASF/common/services/gfx_mono/gfx_mono_framebuffer.o
 .debug_macro   0x00009b4b      0x302 src/ASF/common/services/gfx_mono/gfx_mono_framebuffer.o
 .debug_macro   0x00009e4d      0x2ae src/ASF/common/services/gfx_mono/gfx_mono_generic.o
 .debug_macro   0x0000a0fb      0x2d5 src/ASF/common/services/gfx_mono/gfx_mono_text.o
 .debug_macro   0x0000a3d0       0xaa src/ASF/common/services/gfx_mono/gfx_mono_text.o
 .debug_macro   0x0000a47a      0x2db src/ASF/common/services/gfx_mono/sysfont.o
 .debug_macro   0x0000a755       0x3a src/ASF/common/services/gfx_mono/sysfont.o
 .debug_macro   0x0000a78f      0x1a3 src/ASF/common/services/sleepmgr/xmega/sleepmgr.o
 .debug_macro   0x0000a932       0x10 src/ASF/common/services/sleepmgr/xmega/sleepmgr.o
 .debug_macro   0x0000a942       0x42 src/ASF/common/services/sleepmgr/xmega/sleepmgr.o
 .debug_macro   0x0000a984      0x234 src/ASF/common/services/spi/xmega_usart_spi/usart_spi.o
 .debug_macro   0x0000abb8      0x22f src/ASF/xmega/drivers/adc/adc.o
 .debug_macro   0x0000ade7       0x10 src/ASF/xmega/drivers/adc/adc.o
 .debug_macro   0x0000adf7       0x20 src/ASF/xmega/drivers/adc/adc.o
 .debug_macro   0x0000ae17       0xc7 src/ASF/xmega/drivers/adc/adc.o
 .debug_macro   0x0000aede      0x22f src/ASF/xmega/drivers/adc/xmega_aau/adc_aau.o
 .debug_macro   0x0000b10d      0x221 src/ASF/xmega/drivers/usart/usart.o
 .debug_macro   0x0000b32e      0x106 src/FreeRTOS/list.o
 .debug_macro   0x0000b434      0x119 src/FreeRTOS/portable/GCC/ATXmega256A3BU/port.o
 .debug_macro   0x0000b54d       0x94 src/FreeRTOS/portable/GCC/ATXmega256A3BU/port.o
 .debug_macro   0x0000b5e1      0x12d src/FreeRTOS/portable/MemMang/heap_4.o
 .debug_macro   0x0000b70e      0x179 src/FreeRTOS/queue.o
 .debug_macro   0x0000b887       0x20 src/FreeRTOS/queue.o
 .debug_macro   0x0000b8a7       0xb0 src/FreeRTOS/queue.o
 .debug_macro   0x0000b957      0x1bc src/FreeRTOS/tasks.o
 .debug_macro   0x0000bb13       0x11 src/FreeRTOS/tasks.o
 .debug_macro   0x0000bb24      0x143 src/FreeRTOS/timers.o
 .debug_macro   0x0000bc67      0x193 src/ASF/common/services/ioport/xmega/ioport_compat.o
 .debug_macro   0x0000bdfa      0x1b5 src/ASF/xmega/boards/xmega_a3bu_xplained/init.o
 .debug_macro   0x0000bfaf       0x2e src/ASF/xmega/boards/xmega_a3bu_xplained/init.o
 .debug_macro   0x0000bfdd      0x242 src/ASF/xmega/boards/xmega_a3bu_xplained/init.o
 .debug_macro   0x0000c21f      0x47f src/main.o
 .debug_macro   0x0000c69e       0x34 src/main.o
 .debug_macro   0x0000c6d2       0x46 src/main.o
 .debug_macro   0x0000c718       0x1c src/main.o
 .debug_macro   0x0000c734       0x58 src/main.o
 .debug_macro   0x0000c78c       0x10 src/main.o
 .debug_macro   0x0000c79c       0xf2 src/main.o
OUTPUT(Praktikum_5_Template_6_2.elf elf32-avr)
LOAD linker stubs

.BOOT           0x00040000        0x0
